Copyright 1986-2018 Xilinx, Inc. All Rights Reserved.
-----------------------------------------------------------------------------------------------------------------------------------------------------------------------------
| Tool Version : Vivado v.2018.3 (win64) Build 2405991 Thu Dec  6 23:38:27 MST 2018
| Date         : Fri May 22 01:10:38 2026
| Host         : DESKTOP-B526498 running 64-bit major release  (build 9200)
| Command      : report_methodology -file task2_clk_wiz_methodology_drc_routed.rpt -pb task2_clk_wiz_methodology_drc_routed.pb -rpx task2_clk_wiz_methodology_drc_routed.rpx
| Design       : task2_clk_wiz
| Device       : xc7a100ticsg324-1L
| Speed File   : -1L
| Design State : Fully Routed
-----------------------------------------------------------------------------------------------------------------------------------------------------------------------------

Report Methodology

Table of Contents
-----------------
1. REPORT SUMMARY
2. REPORT DETAILS

1. REPORT SUMMARY
-----------------
            Netlist: netlist
          Floorplan: design_1
      Design limits: <entire design considered>
             Max violations: <unlimited>
             Violations found: 1
+---------+----------+------------------------------+------------+
| Rule    | Severity | Description                  | Violations |
+---------+----------+------------------------------+------------+
| LUTAR-1 | Warning  | LUT drives async reset alert | 1          |
+---------+----------+------------------------------+------------+

2. REPORT DETAILS
-----------------
LUTAR-1#1 Warning
LUT drives async reset alert  
LUT cell task2_inst/reqB_ff_i_1, with 2 or more inputs, drives asynchronous preset/clear pin(s) task2_inst/dataA_hold_ff_reg[0]/CLR, task2_inst/dataA_hold_ff_reg[1]/CLR, task2_inst/dataA_hold_ff_reg[2]/CLR, task2_inst/dataA_hold_ff_reg[3]/CLR, task2_inst/dataA_hold_ff_reg[4]/CLR, task2_inst/dataA_hold_ff_reg[5]/CLR, task2_inst/dataA_hold_ff_reg[6]/CLR, task2_inst/dataA_hold_ff_reg[7]/CLR, task2_inst/dataB_o_reg[0]/CLR, task2_inst/dataB_o_reg[1]/CLR, task2_inst/dataB_o_reg[2]/CLR, task2_inst/dataB_o_reg[3]/CLR, task2_inst/dataB_o_reg[4]/CLR, task2_inst/dataB_o_reg[5]/CLR, task2_inst/dataB_o_reg[6]/CLR (the first 15 of 26 listed). The LUT may glitch and trigger an unexpected reset, even if it is a properly timed path.
Related violations: <none>


