Copyright 1986-2018 Xilinx, Inc. All Rights Reserved.
------------------------------------------------------------------------------------------
| Tool Version : Vivado v.2018.3 (win64) Build 2405991 Thu Dec  6 23:38:27 MST 2018
| Date         : Fri May 22 01:10:12 2026
| Host         : DESKTOP-B526498 running 64-bit major release  (build 9200)
| Command      : report_control_sets -verbose -file task2_clk_wiz_control_sets_placed.rpt
| Design       : task2_clk_wiz
| Device       : xc7a100ti
------------------------------------------------------------------------------------------

Control Set Information

Table of Contents
-----------------
1. Summary
2. Histogram
3. Flip-Flop Distribution
4. Detailed Control Set Information

1. Summary
----------

+----------------------------------------------------------+-------+
|                          Status                          | Count |
+----------------------------------------------------------+-------+
| Number of unique control sets                            |     4 |
| Unused register locations in slices containing registers |     6 |
+----------------------------------------------------------+-------+


2. Histogram
------------

+--------+--------------+
| Fanout | Control Sets |
+--------+--------------+
|      4 |            1 |
|      6 |            1 |
|      8 |            2 |
+--------+--------------+


3. Flip-Flop Distribution
-------------------------

+--------------+-----------------------+------------------------+-----------------+--------------+
| Clock Enable | Synchronous Set/Reset | Asynchronous Set/Reset | Total Registers | Total Slices |
+--------------+-----------------------+------------------------+-----------------+--------------+
| No           | No                    | No                     |               0 |            0 |
| No           | No                    | Yes                    |              10 |            3 |
| No           | Yes                   | No                     |               0 |            0 |
| Yes          | No                    | No                     |               0 |            0 |
| Yes          | No                    | Yes                    |              16 |            3 |
| Yes          | Yes                   | No                     |               0 |            0 |
+--------------+-----------------------+------------------------+-----------------+--------------+


4. Detailed Control Set Information
-----------------------------------

+-------------------------------+-----------------------+----------------------------+------------------+----------------+
|          Clock Signal         |     Enable Signal     |      Set/Reset Signal      | Slice Load Count | Bel Load Count |
+-------------------------------+-----------------------+----------------------------+------------------+----------------+
|  clk_wiz_0_inst/inst/clk_out1 |                       | task2_inst/reqB_ff_i_1_n_0 |                1 |              4 |
|  clk_wiz_0_inst/inst/clk_out2 |                       | task2_inst/reqB_ff_i_1_n_0 |                2 |              6 |
|  clk_wiz_0_inst/inst/clk_out1 | task2_inst/reqA_pulse | task2_inst/reqB_ff_i_1_n_0 |                1 |              8 |
|  clk_wiz_0_inst/inst/clk_out2 | task2_inst/ackB_pulse | task2_inst/reqB_ff_i_1_n_0 |                2 |              8 |
+-------------------------------+-----------------------+----------------------------+------------------+----------------+


