#-----------------------------------------------------------
# Vivado v2018.3 (64-bit)
# SW Build 2405991 on Thu Dec  6 23:38:27 MST 2018
# IP Build 2404404 on Fri Dec  7 01:43:56 MST 2018
# Start of session at: Thu May 21 22:51:56 2026
# Process ID: 22536
# Current directory: C:/Users/SZHerio/Desktop/Practicum-on-programmable-logic-integrated-circuits-using-Verilog/07. PLL
# Command line: vivado.exe -gui_launcher_event rodinguilauncherevent2228 C:\Users\SZHerio\Desktop\Practicum-on-programmable-logic-integrated-circuits-using-Verilog\07. PLL\07. PLL.xpr
# Log file: C:/Users/SZHerio/Desktop/Practicum-on-programmable-logic-integrated-circuits-using-Verilog/07. PLL/vivado.log
# Journal file: C:/Users/SZHerio/Desktop/Practicum-on-programmable-logic-integrated-circuits-using-Verilog/07. PLL\vivado.jou
#-----------------------------------------------------------
start_gui
open_project {C:/Users/SZHerio/Desktop/Practicum-on-programmable-logic-integrated-circuits-using-Verilog/07. PLL/07. PLL.xpr}
INFO: [ProjectBase 1-489] The host OS only allows 260 characters in a normal path. The project is stored in a path with more than 80 characters. If you experience issues with IP, Block Designs, or files not being found, please consider moving the project to a location with a shorter path. Alternately consider using the OS subst command to map part of the path to a drive letter.
Current project path is 'C:/Users/SZHerio/Desktop/Practicum-on-programmable-logic-integrated-circuits-using-Verilog/07. PLL'
Scanning sources...
Finished scanning sources
INFO: [IP_Flow 19-234] Refreshing IP repositories
INFO: [IP_Flow 19-1704] No user IP repositories specified
INFO: [IP_Flow 19-2313] Loaded Vivado IP repository 'C:/Xilinx/Vivado/2018.3/data/ip'.
open_project: Time (s): cpu = 00:00:12 ; elapsed = 00:00:08 . Memory (MB): peak = 796.473 ; gain = 119.035
update_compile_order -fileset sources_1
launch_simulation
INFO: [Vivado 12-5698] Checking validity of IPs in the design for the 'XSim' simulator...
INFO: [Vivado 12-5682] Launching behavioral simulation in 'C:/Users/SZHerio/Desktop/Practicum-on-programmable-logic-integrated-circuits-using-Verilog/07. PLL/07. PLL.sim/sim_1/behav/xsim'
INFO: [Vivado 12-4795] Using compiled simulation libraries for IPs
INFO: [SIM-utils-51] Simulation object is 'sim_1'
INFO: [USF-XSim-7] Finding pre-compiled libraries...
INFO: [USF-XSim-11] File 'C:/Xilinx/Vivado/2018.3/data/xsim/xsim.ini' copied to run dir:'C:/Users/SZHerio/Desktop/Practicum-on-programmable-logic-integrated-circuits-using-Verilog/07. PLL/07. PLL.sim/sim_1/behav/xsim'
INFO: [SIM-utils-54] Inspecting design source files for 'task2_all_tb' in fileset 'sim_1'...
INFO: [USF-XSim-97] Finding global include files...
INFO: [USF-XSim-98] Fetching design files from 'sim_1'...
INFO: [USF-XSim-2] XSim::Compile design
INFO: [USF-XSim-61] Executing 'COMPILE and ANALYZE' step in 'C:/Users/SZHerio/Desktop/Practicum-on-programmable-logic-integrated-circuits-using-Verilog/07. PLL/07. PLL.sim/sim_1/behav/xsim'
"xvlog --incr --relax -prj task2_all_tb_vlog.prj"
INFO: [VRFC 10-2263] Analyzing Verilog file "C:/Users/SZHerio/Desktop/Practicum-on-programmable-logic-integrated-circuits-using-Verilog/07. PLL/07. PLL.srcs/sources_1/ip/clk_wiz_0/clk_wiz_0_clk_wiz.v" into library xil_defaultlib
INFO: [VRFC 10-311] analyzing module clk_wiz_0_clk_wiz
INFO: [VRFC 10-2263] Analyzing Verilog file "C:/Users/SZHerio/Desktop/Practicum-on-programmable-logic-integrated-circuits-using-Verilog/07. PLL/07. PLL.srcs/sources_1/ip/clk_wiz_0/clk_wiz_0.v" into library xil_defaultlib
INFO: [VRFC 10-311] analyzing module clk_wiz_0
INFO: [VRFC 10-2263] Analyzing SystemVerilog file "C:/Users/SZHerio/Desktop/Practicum-on-programmable-logic-integrated-circuits-using-Verilog/07. PLL/07. PLL.srcs/sources_1/new/task2.sv" into library xil_defaultlib
INFO: [VRFC 10-311] analyzing module task2
INFO: [VRFC 10-2263] Analyzing SystemVerilog file "C:/Users/SZHerio/Desktop/Practicum-on-programmable-logic-integrated-circuits-using-Verilog/07. PLL/07. PLL.srcs/sources_1/new/task2_clk_wiz.sv" into library xil_defaultlib
INFO: [VRFC 10-311] analyzing module task2_clk_wiz
INFO: [VRFC 10-2263] Analyzing SystemVerilog file "C:/Users/SZHerio/Desktop/Practicum-on-programmable-logic-integrated-circuits-using-Verilog/07. PLL/07. PLL.srcs/sim_1/new/task2_all_tb.sv" into library xil_defaultlib
INFO: [VRFC 10-311] analyzing module task2_all_tb
INFO: [VRFC 10-2263] Analyzing Verilog file "C:/Users/SZHerio/Desktop/Practicum-on-programmable-logic-integrated-circuits-using-Verilog/07. PLL/07. PLL.sim/sim_1/behav/xsim/glbl.v" into library xil_defaultlib
INFO: [VRFC 10-311] analyzing module glbl
INFO: [USF-XSim-69] 'compile' step finished in '1' seconds
INFO: [USF-XSim-3] XSim::Elaborate design
INFO: [USF-XSim-61] Executing 'ELABORATE' step in 'C:/Users/SZHerio/Desktop/Practicum-on-programmable-logic-integrated-circuits-using-Verilog/07. PLL/07. PLL.sim/sim_1/behav/xsim'
Vivado Simulator 2018.3
Copyright 1986-1999, 2001-2018 Xilinx, Inc. All Rights Reserved.
Running: C:/Xilinx/Vivado/2018.3/bin/unwrapped/win64.o/xelab.exe -wto 1b99ff10c1a74fe584ef4d58e53369c5 --incr --debug typical --relax --mt 2 -L xil_defaultlib -L unisims_ver -L unimacro_ver -L secureip -L xpm --snapshot task2_all_tb_behav xil_defaultlib.task2_all_tb xil_defaultlib.glbl -log elaborate.log 
Using 2 slave threads.
Starting static elaboration
ERROR: [VRFC 10-3180] cannot find port 'rstnB_i' on this module [C:/Users/SZHerio/Desktop/Practicum-on-programmable-logic-integrated-circuits-using-Verilog/07. PLL/07. PLL.srcs/sim_1/new/task2_all_tb.sv:22]
ERROR: [VRFC 10-3180] cannot find port 'rstnA_i' on this module [C:/Users/SZHerio/Desktop/Practicum-on-programmable-logic-integrated-circuits-using-Verilog/07. PLL/07. PLL.srcs/sim_1/new/task2_all_tb.sv:21]
ERROR: [VRFC 10-3180] cannot find port 'clkB_i' on this module [C:/Users/SZHerio/Desktop/Practicum-on-programmable-logic-integrated-circuits-using-Verilog/07. PLL/07. PLL.srcs/sim_1/new/task2_all_tb.sv:20]
ERROR: [VRFC 10-3180] cannot find port 'clkA_i' on this module [C:/Users/SZHerio/Desktop/Practicum-on-programmable-logic-integrated-circuits-using-Verilog/07. PLL/07. PLL.srcs/sim_1/new/task2_all_tb.sv:19]
ERROR: [XSIM 43-3322] Static elaboration of top level Verilog design unit(s) in library work failed.
INFO: [USF-XSim-69] 'elaborate' step finished in '1' seconds
INFO: [USF-XSim-99] Step results log file:'C:/Users/SZHerio/Desktop/Practicum-on-programmable-logic-integrated-circuits-using-Verilog/07. PLL/07. PLL.sim/sim_1/behav/xsim/elaborate.log'
ERROR: [USF-XSim-62] 'elaborate' step failed with error(s). Please check the Tcl console output or 'C:/Users/SZHerio/Desktop/Practicum-on-programmable-logic-integrated-circuits-using-Verilog/07. PLL/07. PLL.sim/sim_1/behav/xsim/elaborate.log' file for more information.
ERROR: [Vivado 12-4473] Detected error while running simulation. Please correct the issue and retry this operation.
ERROR: [Common 17-39] 'launch_simulation' failed due to earlier errors.
launch_simulation
INFO: [Vivado 12-5698] Checking validity of IPs in the design for the 'XSim' simulator...
INFO: [Vivado 12-5682] Launching behavioral simulation in 'C:/Users/SZHerio/Desktop/Practicum-on-programmable-logic-integrated-circuits-using-Verilog/07. PLL/07. PLL.sim/sim_1/behav/xsim'
INFO: [Vivado 12-4795] Using compiled simulation libraries for IPs
INFO: [SIM-utils-51] Simulation object is 'sim_1'
INFO: [USF-XSim-7] Finding pre-compiled libraries...
INFO: [USF-XSim-11] File 'C:/Xilinx/Vivado/2018.3/data/xsim/xsim.ini' copied to run dir:'C:/Users/SZHerio/Desktop/Practicum-on-programmable-logic-integrated-circuits-using-Verilog/07. PLL/07. PLL.sim/sim_1/behav/xsim'
INFO: [SIM-utils-54] Inspecting design source files for 'task2_all_tb' in fileset 'sim_1'...
INFO: [USF-XSim-97] Finding global include files...
INFO: [USF-XSim-98] Fetching design files from 'sim_1'...
INFO: [USF-XSim-2] XSim::Compile design
INFO: [USF-XSim-61] Executing 'COMPILE and ANALYZE' step in 'C:/Users/SZHerio/Desktop/Practicum-on-programmable-logic-integrated-circuits-using-Verilog/07. PLL/07. PLL.sim/sim_1/behav/xsim'
"xvlog --incr --relax -prj task2_all_tb_vlog.prj"
INFO: [VRFC 10-2263] Analyzing SystemVerilog file "C:/Users/SZHerio/Desktop/Practicum-on-programmable-logic-integrated-circuits-using-Verilog/07. PLL/07. PLL.srcs/sources_1/new/task2.sv" into library xil_defaultlib
INFO: [VRFC 10-311] analyzing module task2
INFO: [VRFC 10-2263] Analyzing SystemVerilog file "C:/Users/SZHerio/Desktop/Practicum-on-programmable-logic-integrated-circuits-using-Verilog/07. PLL/07. PLL.srcs/sim_1/new/task2_all_tb.sv" into library xil_defaultlib
INFO: [VRFC 10-311] analyzing module task2_all_tb
INFO: [USF-XSim-69] 'compile' step finished in '1' seconds
INFO: [USF-XSim-3] XSim::Elaborate design
INFO: [USF-XSim-61] Executing 'ELABORATE' step in 'C:/Users/SZHerio/Desktop/Practicum-on-programmable-logic-integrated-circuits-using-Verilog/07. PLL/07. PLL.sim/sim_1/behav/xsim'
Vivado Simulator 2018.3
Copyright 1986-1999, 2001-2018 Xilinx, Inc. All Rights Reserved.
Running: C:/Xilinx/Vivado/2018.3/bin/unwrapped/win64.o/xelab.exe -wto 1b99ff10c1a74fe584ef4d58e53369c5 --incr --debug typical --relax --mt 2 -L xil_defaultlib -L unisims_ver -L unimacro_ver -L secureip -L xpm --snapshot task2_all_tb_behav xil_defaultlib.task2_all_tb xil_defaultlib.glbl -log elaborate.log 
Using 2 slave threads.
Starting static elaboration
ERROR: [VRFC 10-2989] 'datB' is not declared [C:/Users/SZHerio/Desktop/Practicum-on-programmable-logic-integrated-circuits-using-Verilog/07. PLL/07. PLL.srcs/sim_1/new/task2_all_tb.sv:61]
ERROR: [VRFC 10-2989] 'datB' is not declared [C:/Users/SZHerio/Desktop/Practicum-on-programmable-logic-integrated-circuits-using-Verilog/07. PLL/07. PLL.srcs/sim_1/new/task2_all_tb.sv:73]
ERROR: [VRFC 10-2989] 'datB' is not declared [C:/Users/SZHerio/Desktop/Practicum-on-programmable-logic-integrated-circuits-using-Verilog/07. PLL/07. PLL.srcs/sim_1/new/task2_all_tb.sv:85]
ERROR: [VRFC 10-2989] 'datB' is not declared [C:/Users/SZHerio/Desktop/Practicum-on-programmable-logic-integrated-circuits-using-Verilog/07. PLL/07. PLL.srcs/sim_1/new/task2_all_tb.sv:97]
WARNING: [VRFC 10-3091] actual bit length 8 differs from formal bit length 9 for port 'dataA_i' [C:/Users/SZHerio/Desktop/Practicum-on-programmable-logic-integrated-circuits-using-Verilog/07. PLL/07. PLL.srcs/sim_1/new/task2_all_tb.sv:23]
WARNING: [VRFC 10-3091] actual bit length 8 differs from formal bit length 9 for port 'dataB_o' [C:/Users/SZHerio/Desktop/Practicum-on-programmable-logic-integrated-circuits-using-Verilog/07. PLL/07. PLL.srcs/sim_1/new/task2_all_tb.sv:24]
ERROR: [XSIM 43-3322] Static elaboration of top level Verilog design unit(s) in library work failed.
INFO: [USF-XSim-69] 'elaborate' step finished in '1' seconds
INFO: [USF-XSim-99] Step results log file:'C:/Users/SZHerio/Desktop/Practicum-on-programmable-logic-integrated-circuits-using-Verilog/07. PLL/07. PLL.sim/sim_1/behav/xsim/elaborate.log'
ERROR: [USF-XSim-62] 'elaborate' step failed with error(s). Please check the Tcl console output or 'C:/Users/SZHerio/Desktop/Practicum-on-programmable-logic-integrated-circuits-using-Verilog/07. PLL/07. PLL.sim/sim_1/behav/xsim/elaborate.log' file for more information.
ERROR: [Vivado 12-4473] Detected error while running simulation. Please correct the issue and retry this operation.
ERROR: [Common 17-39] 'launch_simulation' failed due to earlier errors.
launch_simulation
INFO: [Vivado 12-5698] Checking validity of IPs in the design for the 'XSim' simulator...
INFO: [Vivado 12-5682] Launching behavioral simulation in 'C:/Users/SZHerio/Desktop/Practicum-on-programmable-logic-integrated-circuits-using-Verilog/07. PLL/07. PLL.sim/sim_1/behav/xsim'
INFO: [Vivado 12-4795] Using compiled simulation libraries for IPs
INFO: [SIM-utils-51] Simulation object is 'sim_1'
INFO: [USF-XSim-7] Finding pre-compiled libraries...
INFO: [USF-XSim-11] File 'C:/Xilinx/Vivado/2018.3/data/xsim/xsim.ini' copied to run dir:'C:/Users/SZHerio/Desktop/Practicum-on-programmable-logic-integrated-circuits-using-Verilog/07. PLL/07. PLL.sim/sim_1/behav/xsim'
INFO: [SIM-utils-54] Inspecting design source files for 'task2_all_tb' in fileset 'sim_1'...
INFO: [USF-XSim-97] Finding global include files...
INFO: [USF-XSim-98] Fetching design files from 'sim_1'...
INFO: [USF-XSim-2] XSim::Compile design
INFO: [USF-XSim-61] Executing 'COMPILE and ANALYZE' step in 'C:/Users/SZHerio/Desktop/Practicum-on-programmable-logic-integrated-circuits-using-Verilog/07. PLL/07. PLL.sim/sim_1/behav/xsim'
"xvlog --incr --relax -prj task2_all_tb_vlog.prj"
INFO: [VRFC 10-2263] Analyzing SystemVerilog file "C:/Users/SZHerio/Desktop/Practicum-on-programmable-logic-integrated-circuits-using-Verilog/07. PLL/07. PLL.srcs/sources_1/new/task2.sv" into library xil_defaultlib
INFO: [VRFC 10-311] analyzing module task2
INFO: [VRFC 10-2263] Analyzing SystemVerilog file "C:/Users/SZHerio/Desktop/Practicum-on-programmable-logic-integrated-circuits-using-Verilog/07. PLL/07. PLL.srcs/sim_1/new/task2_all_tb.sv" into library xil_defaultlib
INFO: [VRFC 10-311] analyzing module task2_all_tb
INFO: [USF-XSim-69] 'compile' step finished in '1' seconds
INFO: [USF-XSim-3] XSim::Elaborate design
INFO: [USF-XSim-61] Executing 'ELABORATE' step in 'C:/Users/SZHerio/Desktop/Practicum-on-programmable-logic-integrated-circuits-using-Verilog/07. PLL/07. PLL.sim/sim_1/behav/xsim'
Vivado Simulator 2018.3
Copyright 1986-1999, 2001-2018 Xilinx, Inc. All Rights Reserved.
Running: C:/Xilinx/Vivado/2018.3/bin/unwrapped/win64.o/xelab.exe -wto 1b99ff10c1a74fe584ef4d58e53369c5 --incr --debug typical --relax --mt 2 -L xil_defaultlib -L unisims_ver -L unimacro_ver -L secureip -L xpm --snapshot task2_all_tb_behav xil_defaultlib.task2_all_tb xil_defaultlib.glbl -log elaborate.log 
Using 2 slave threads.
Starting static elaboration
ERROR: [VRFC 10-2989] 'datB' is not declared [C:/Users/SZHerio/Desktop/Practicum-on-programmable-logic-integrated-circuits-using-Verilog/07. PLL/07. PLL.srcs/sim_1/new/task2_all_tb.sv:61]
WARNING: [VRFC 10-3091] actual bit length 8 differs from formal bit length 9 for port 'dataA_i' [C:/Users/SZHerio/Desktop/Practicum-on-programmable-logic-integrated-circuits-using-Verilog/07. PLL/07. PLL.srcs/sim_1/new/task2_all_tb.sv:23]
WARNING: [VRFC 10-3091] actual bit length 8 differs from formal bit length 9 for port 'dataB_o' [C:/Users/SZHerio/Desktop/Practicum-on-programmable-logic-integrated-circuits-using-Verilog/07. PLL/07. PLL.srcs/sim_1/new/task2_all_tb.sv:24]
ERROR: [XSIM 43-3322] Static elaboration of top level Verilog design unit(s) in library work failed.
INFO: [USF-XSim-69] 'elaborate' step finished in '1' seconds
INFO: [USF-XSim-99] Step results log file:'C:/Users/SZHerio/Desktop/Practicum-on-programmable-logic-integrated-circuits-using-Verilog/07. PLL/07. PLL.sim/sim_1/behav/xsim/elaborate.log'
ERROR: [USF-XSim-62] 'elaborate' step failed with error(s). Please check the Tcl console output or 'C:/Users/SZHerio/Desktop/Practicum-on-programmable-logic-integrated-circuits-using-Verilog/07. PLL/07. PLL.sim/sim_1/behav/xsim/elaborate.log' file for more information.
ERROR: [Vivado 12-4473] Detected error while running simulation. Please correct the issue and retry this operation.
ERROR: [Common 17-39] 'launch_simulation' failed due to earlier errors.
launch_simulation
INFO: [Vivado 12-5698] Checking validity of IPs in the design for the 'XSim' simulator...
INFO: [Vivado 12-5682] Launching behavioral simulation in 'C:/Users/SZHerio/Desktop/Practicum-on-programmable-logic-integrated-circuits-using-Verilog/07. PLL/07. PLL.sim/sim_1/behav/xsim'
INFO: [Vivado 12-4795] Using compiled simulation libraries for IPs
INFO: [SIM-utils-51] Simulation object is 'sim_1'
INFO: [USF-XSim-7] Finding pre-compiled libraries...
INFO: [USF-XSim-11] File 'C:/Xilinx/Vivado/2018.3/data/xsim/xsim.ini' copied to run dir:'C:/Users/SZHerio/Desktop/Practicum-on-programmable-logic-integrated-circuits-using-Verilog/07. PLL/07. PLL.sim/sim_1/behav/xsim'
INFO: [SIM-utils-54] Inspecting design source files for 'task2_all_tb' in fileset 'sim_1'...
INFO: [USF-XSim-97] Finding global include files...
INFO: [USF-XSim-98] Fetching design files from 'sim_1'...
INFO: [USF-XSim-2] XSim::Compile design
INFO: [USF-XSim-61] Executing 'COMPILE and ANALYZE' step in 'C:/Users/SZHerio/Desktop/Practicum-on-programmable-logic-integrated-circuits-using-Verilog/07. PLL/07. PLL.sim/sim_1/behav/xsim'
"xvlog --incr --relax -prj task2_all_tb_vlog.prj"
INFO: [VRFC 10-2263] Analyzing SystemVerilog file "C:/Users/SZHerio/Desktop/Practicum-on-programmable-logic-integrated-circuits-using-Verilog/07. PLL/07. PLL.srcs/sources_1/new/task2.sv" into library xil_defaultlib
INFO: [VRFC 10-311] analyzing module task2
INFO: [VRFC 10-2263] Analyzing SystemVerilog file "C:/Users/SZHerio/Desktop/Practicum-on-programmable-logic-integrated-circuits-using-Verilog/07. PLL/07. PLL.srcs/sim_1/new/task2_all_tb.sv" into library xil_defaultlib
INFO: [VRFC 10-311] analyzing module task2_all_tb
INFO: [USF-XSim-69] 'compile' step finished in '1' seconds
INFO: [USF-XSim-3] XSim::Elaborate design
INFO: [USF-XSim-61] Executing 'ELABORATE' step in 'C:/Users/SZHerio/Desktop/Practicum-on-programmable-logic-integrated-circuits-using-Verilog/07. PLL/07. PLL.sim/sim_1/behav/xsim'
Vivado Simulator 2018.3
Copyright 1986-1999, 2001-2018 Xilinx, Inc. All Rights Reserved.
Running: C:/Xilinx/Vivado/2018.3/bin/unwrapped/win64.o/xelab.exe -wto 1b99ff10c1a74fe584ef4d58e53369c5 --incr --debug typical --relax --mt 2 -L xil_defaultlib -L unisims_ver -L unimacro_ver -L secureip -L xpm --snapshot task2_all_tb_behav xil_defaultlib.task2_all_tb xil_defaultlib.glbl -log elaborate.log 
Using 2 slave threads.
Starting static elaboration
WARNING: [VRFC 10-3091] actual bit length 8 differs from formal bit length 9 for port 'dataA_i' [C:/Users/SZHerio/Desktop/Practicum-on-programmable-logic-integrated-circuits-using-Verilog/07. PLL/07. PLL.srcs/sim_1/new/task2_all_tb.sv:23]
WARNING: [VRFC 10-3091] actual bit length 8 differs from formal bit length 9 for port 'dataB_o' [C:/Users/SZHerio/Desktop/Practicum-on-programmable-logic-integrated-circuits-using-Verilog/07. PLL/07. PLL.srcs/sim_1/new/task2_all_tb.sv:24]
Completed static elaboration
Starting simulation data flow analysis
Completed simulation data flow analysis
Time Resolution for simulation is 1ps
Compiling module xil_defaultlib.task2
Compiling module xil_defaultlib.task2_all_tb
Compiling module xil_defaultlib.glbl
Built simulation snapshot task2_all_tb_behav

****** Webtalk v2018.3 (64-bit)
  **** SW Build 2405991 on Thu Dec  6 23:38:27 MST 2018
  **** IP Build 2404404 on Fri Dec  7 01:43:56 MST 2018
    ** Copyright 1986-2018 Xilinx, Inc. All Rights Reserved.

source C:/Users/SZHerio/Desktop/Practicum-on-programmable-logic-integrated-circuits-using-Verilog/07. -notrace
couldn't read file "C:/Users/SZHerio/Desktop/Practicum-on-programmable-logic-integrated-circuits-using-Verilog/07.": permission denied
INFO: [Common 17-206] Exiting Webtalk at Thu May 21 23:32:33 2026...
INFO: [USF-XSim-69] 'elaborate' step finished in '3' seconds
INFO: [USF-XSim-4] XSim::Simulate design
INFO: [USF-XSim-61] Executing 'SIMULATE' step in 'C:/Users/SZHerio/Desktop/Practicum-on-programmable-logic-integrated-circuits-using-Verilog/07. PLL/07. PLL.sim/sim_1/behav/xsim'
INFO: [USF-XSim-98] *** Running xsim
   with args "task2_all_tb_behav -key {Behavioral:sim_1:Functional:task2_all_tb} -tclbatch {task2_all_tb.tcl} -log {simulate.log}"
INFO: [USF-XSim-8] Loading simulator feature
Vivado Simulator 2018.3
Time resolution is 1 ps
source task2_all_tb.tcl
# set curr_wave [current_wave_config]
# if { [string length $curr_wave] == 0 } {
#   if { [llength [get_objects]] > 0} {
#     add_wave /
#     set_property needs_save false [current_wave_config]
#   } else {
#      send_msg_id Add_Wave-1 WARNING "No top level signals found. Simulator will start without a wave window. If you want to open a wave window go to 'File->New Waveform Configuration' or type 'create_wave_config' in the TCL console."
#   }
# }
# run 1000ns
sent = 5, received = 5
INFO: [USF-XSim-96] XSim completed. Design snapshot 'task2_all_tb_behav' loaded.
INFO: [USF-XSim-97] XSim simulation ran for 1000ns
launch_simulation: Time (s): cpu = 00:00:05 ; elapsed = 00:00:07 . Memory (MB): peak = 886.434 ; gain = 29.648
run all
run: Time (s): cpu = 00:00:07 ; elapsed = 00:00:05 . Memory (MB): peak = 890.434 ; gain = 0.000
run 1500 ns
restart
INFO: [Simtcl 6-17] Simulation restarted
run 1500 ns
sent = 5, received = 5
run all
run: Time (s): cpu = 00:00:27 ; elapsed = 00:00:28 . Memory (MB): peak = 890.434 ; gain = 0.000
close_sim
INFO: [Simtcl 6-16] Simulation closed
update_compile_order -fileset sim_1
launch_simulation
INFO: [Vivado 12-5698] Checking validity of IPs in the design for the 'XSim' simulator...
INFO: [Vivado 12-5682] Launching behavioral simulation in 'C:/Users/SZHerio/Desktop/Practicum-on-programmable-logic-integrated-circuits-using-Verilog/07. PLL/07. PLL.sim/sim_1/behav/xsim'
INFO: [Vivado 12-4795] Using compiled simulation libraries for IPs
INFO: [SIM-utils-51] Simulation object is 'sim_1'
INFO: [USF-XSim-7] Finding pre-compiled libraries...
INFO: [USF-XSim-11] File 'C:/Xilinx/Vivado/2018.3/data/xsim/xsim.ini' copied to run dir:'C:/Users/SZHerio/Desktop/Practicum-on-programmable-logic-integrated-circuits-using-Verilog/07. PLL/07. PLL.sim/sim_1/behav/xsim'
INFO: [SIM-utils-54] Inspecting design source files for 'task2_clk_wiz' in fileset 'sim_1'...
INFO: [USF-XSim-97] Finding global include files...
INFO: [USF-XSim-98] Fetching design files from 'sim_1'...
INFO: [USF-XSim-2] XSim::Compile design
INFO: [USF-XSim-61] Executing 'COMPILE and ANALYZE' step in 'C:/Users/SZHerio/Desktop/Practicum-on-programmable-logic-integrated-circuits-using-Verilog/07. PLL/07. PLL.sim/sim_1/behav/xsim'
"xvlog --incr --relax -prj task2_clk_wiz_vlog.prj"
INFO: [USF-XSim-69] 'compile' step finished in '1' seconds
INFO: [USF-XSim-3] XSim::Elaborate design
INFO: [USF-XSim-61] Executing 'ELABORATE' step in 'C:/Users/SZHerio/Desktop/Practicum-on-programmable-logic-integrated-circuits-using-Verilog/07. PLL/07. PLL.sim/sim_1/behav/xsim'
Vivado Simulator 2018.3
Copyright 1986-1999, 2001-2018 Xilinx, Inc. All Rights Reserved.
Running: C:/Xilinx/Vivado/2018.3/bin/unwrapped/win64.o/xelab.exe -wto 1b99ff10c1a74fe584ef4d58e53369c5 --incr --debug typical --relax --mt 2 -L xil_defaultlib -L unisims_ver -L unimacro_ver -L secureip -L xpm --snapshot task2_clk_wiz_behav xil_defaultlib.task2_clk_wiz xil_defaultlib.glbl -log elaborate.log 
Using 2 slave threads.
Starting static elaboration
Completed static elaboration
Starting simulation data flow analysis
Completed simulation data flow analysis
Time Resolution for simulation is 1ps
Compiling module unisims_ver.IBUF
Compiling module unisims_ver.PLLE2_ADV(CLKFBOUT_MULT=14,CLKIN...
Compiling module unisims_ver.BUFG
Compiling module xil_defaultlib.clk_wiz_0_clk_wiz
Compiling module xil_defaultlib.clk_wiz_0
Compiling module xil_defaultlib.task2
Compiling module xil_defaultlib.task2_clk_wiz
Compiling module xil_defaultlib.glbl
Built simulation snapshot task2_clk_wiz_behav

****** Webtalk v2018.3 (64-bit)
  **** SW Build 2405991 on Thu Dec  6 23:38:27 MST 2018
  **** IP Build 2404404 on Fri Dec  7 01:43:56 MST 2018
    ** Copyright 1986-2018 Xilinx, Inc. All Rights Reserved.

source C:/Users/SZHerio/Desktop/Practicum-on-programmable-logic-integrated-circuits-using-Verilog/07. -notrace
couldn't read file "C:/Users/SZHerio/Desktop/Practicum-on-programmable-logic-integrated-circuits-using-Verilog/07.": permission denied
INFO: [Common 17-206] Exiting Webtalk at Thu May 21 23:38:35 2026...
INFO: [USF-XSim-69] 'elaborate' step finished in '3' seconds
INFO: [USF-XSim-4] XSim::Simulate design
INFO: [USF-XSim-61] Executing 'SIMULATE' step in 'C:/Users/SZHerio/Desktop/Practicum-on-programmable-logic-integrated-circuits-using-Verilog/07. PLL/07. PLL.sim/sim_1/behav/xsim'
INFO: [USF-XSim-98] *** Running xsim
   with args "task2_clk_wiz_behav -key {Behavioral:sim_1:Functional:task2_clk_wiz} -tclbatch {task2_clk_wiz.tcl} -log {simulate.log}"
INFO: [USF-XSim-8] Loading simulator feature
Vivado Simulator 2018.3
Time resolution is 1 ps
source task2_clk_wiz.tcl
# set curr_wave [current_wave_config]
# if { [string length $curr_wave] == 0 } {
#   if { [llength [get_objects]] > 0} {
#     add_wave /
#     set_property needs_save false [current_wave_config]
#   } else {
#      send_msg_id Add_Wave-1 WARNING "No top level signals found. Simulator will start without a wave window. If you want to open a wave window go to 'File->New Waveform Configuration' or type 'create_wave_config' in the TCL console."
#   }
# }
# run 1000ns
INFO: [USF-XSim-96] XSim completed. Design snapshot 'task2_clk_wiz_behav' loaded.
INFO: [USF-XSim-97] XSim simulation ran for 1000ns
launch_simulation: Time (s): cpu = 00:00:03 ; elapsed = 00:00:06 . Memory (MB): peak = 890.434 ; gain = 0.000
run 1500 ns
run all
run: Time (s): cpu = 00:00:01 ; elapsed = 00:00:07 . Memory (MB): peak = 890.434 ; gain = 0.000
close_sim
INFO: [Simtcl 6-16] Simulation closed
launch_simulation
INFO: [Vivado 12-5698] Checking validity of IPs in the design for the 'XSim' simulator...
INFO: [Vivado 12-5682] Launching behavioral simulation in 'C:/Users/SZHerio/Desktop/Practicum-on-programmable-logic-integrated-circuits-using-Verilog/07. PLL/07. PLL.sim/sim_1/behav/xsim'
INFO: [Vivado 12-4795] Using compiled simulation libraries for IPs
INFO: [SIM-utils-51] Simulation object is 'sim_1'
INFO: [USF-XSim-7] Finding pre-compiled libraries...
INFO: [USF-XSim-11] File 'C:/Xilinx/Vivado/2018.3/data/xsim/xsim.ini' copied to run dir:'C:/Users/SZHerio/Desktop/Practicum-on-programmable-logic-integrated-circuits-using-Verilog/07. PLL/07. PLL.sim/sim_1/behav/xsim'
INFO: [SIM-utils-54] Inspecting design source files for 'task2_clk_wiz' in fileset 'sim_1'...
INFO: [USF-XSim-97] Finding global include files...
INFO: [USF-XSim-98] Fetching design files from 'sim_1'...
INFO: [USF-XSim-2] XSim::Compile design
INFO: [USF-XSim-61] Executing 'COMPILE and ANALYZE' step in 'C:/Users/SZHerio/Desktop/Practicum-on-programmable-logic-integrated-circuits-using-Verilog/07. PLL/07. PLL.sim/sim_1/behav/xsim'
"xvlog --incr --relax -prj task2_clk_wiz_vlog.prj"
INFO: [USF-XSim-69] 'compile' step finished in '1' seconds
INFO: [USF-XSim-3] XSim::Elaborate design
INFO: [USF-XSim-61] Executing 'ELABORATE' step in 'C:/Users/SZHerio/Desktop/Practicum-on-programmable-logic-integrated-circuits-using-Verilog/07. PLL/07. PLL.sim/sim_1/behav/xsim'
Vivado Simulator 2018.3
Copyright 1986-1999, 2001-2018 Xilinx, Inc. All Rights Reserved.
Running: C:/Xilinx/Vivado/2018.3/bin/unwrapped/win64.o/xelab.exe -wto 1b99ff10c1a74fe584ef4d58e53369c5 --incr --debug typical --relax --mt 2 -L xil_defaultlib -L unisims_ver -L unimacro_ver -L secureip -L xpm --snapshot task2_clk_wiz_behav xil_defaultlib.task2_clk_wiz xil_defaultlib.glbl -log elaborate.log 
Using 2 slave threads.
Starting static elaboration
Completed static elaboration
INFO: [XSIM 43-4323] No Change in HDL. Linking previously generated obj files to create kernel
INFO: [USF-XSim-69] 'elaborate' step finished in '1' seconds
INFO: [USF-XSim-4] XSim::Simulate design
INFO: [USF-XSim-61] Executing 'SIMULATE' step in 'C:/Users/SZHerio/Desktop/Practicum-on-programmable-logic-integrated-circuits-using-Verilog/07. PLL/07. PLL.sim/sim_1/behav/xsim'
INFO: [USF-XSim-98] *** Running xsim
   with args "task2_clk_wiz_behav -key {Behavioral:sim_1:Functional:task2_clk_wiz} -tclbatch {task2_clk_wiz.tcl} -log {simulate.log}"
INFO: [USF-XSim-8] Loading simulator feature
Vivado Simulator 2018.3
Time resolution is 1 ps
source task2_clk_wiz.tcl
# set curr_wave [current_wave_config]
# if { [string length $curr_wave] == 0 } {
#   if { [llength [get_objects]] > 0} {
#     add_wave /
#     set_property needs_save false [current_wave_config]
#   } else {
#      send_msg_id Add_Wave-1 WARNING "No top level signals found. Simulator will start without a wave window. If you want to open a wave window go to 'File->New Waveform Configuration' or type 'create_wave_config' in the TCL console."
#   }
# }
# run 1000ns
INFO: [USF-XSim-96] XSim completed. Design snapshot 'task2_clk_wiz_behav' loaded.
INFO: [USF-XSim-97] XSim simulation ran for 1000ns
run 1500 ns
close_sim
INFO: [Simtcl 6-16] Simulation closed
launch_simulation
INFO: [Vivado 12-5698] Checking validity of IPs in the design for the 'XSim' simulator...
INFO: [Vivado 12-5682] Launching behavioral simulation in 'C:/Users/SZHerio/Desktop/Practicum-on-programmable-logic-integrated-circuits-using-Verilog/07. PLL/07. PLL.sim/sim_1/behav/xsim'
INFO: [Vivado 12-4795] Using compiled simulation libraries for IPs
INFO: [SIM-utils-51] Simulation object is 'sim_1'
INFO: [USF-XSim-7] Finding pre-compiled libraries...
INFO: [USF-XSim-11] File 'C:/Xilinx/Vivado/2018.3/data/xsim/xsim.ini' copied to run dir:'C:/Users/SZHerio/Desktop/Practicum-on-programmable-logic-integrated-circuits-using-Verilog/07. PLL/07. PLL.sim/sim_1/behav/xsim'
INFO: [SIM-utils-54] Inspecting design source files for 'task2_clk_wiz' in fileset 'sim_1'...
INFO: [USF-XSim-97] Finding global include files...
INFO: [USF-XSim-98] Fetching design files from 'sim_1'...
INFO: [USF-XSim-2] XSim::Compile design
INFO: [USF-XSim-61] Executing 'COMPILE and ANALYZE' step in 'C:/Users/SZHerio/Desktop/Practicum-on-programmable-logic-integrated-circuits-using-Verilog/07. PLL/07. PLL.sim/sim_1/behav/xsim'
"xvlog --incr --relax -prj task2_clk_wiz_vlog.prj"
INFO: [USF-XSim-69] 'compile' step finished in '1' seconds
INFO: [USF-XSim-3] XSim::Elaborate design
INFO: [USF-XSim-61] Executing 'ELABORATE' step in 'C:/Users/SZHerio/Desktop/Practicum-on-programmable-logic-integrated-circuits-using-Verilog/07. PLL/07. PLL.sim/sim_1/behav/xsim'
Vivado Simulator 2018.3
Copyright 1986-1999, 2001-2018 Xilinx, Inc. All Rights Reserved.
Running: C:/Xilinx/Vivado/2018.3/bin/unwrapped/win64.o/xelab.exe -wto 1b99ff10c1a74fe584ef4d58e53369c5 --incr --debug typical --relax --mt 2 -L xil_defaultlib -L unisims_ver -L unimacro_ver -L secureip -L xpm --snapshot task2_clk_wiz_behav xil_defaultlib.task2_clk_wiz xil_defaultlib.glbl -log elaborate.log 
Using 2 slave threads.
Starting static elaboration
Completed static elaboration
INFO: [XSIM 43-4323] No Change in HDL. Linking previously generated obj files to create kernel
INFO: [USF-XSim-69] 'elaborate' step finished in '1' seconds
INFO: [USF-XSim-4] XSim::Simulate design
INFO: [USF-XSim-61] Executing 'SIMULATE' step in 'C:/Users/SZHerio/Desktop/Practicum-on-programmable-logic-integrated-circuits-using-Verilog/07. PLL/07. PLL.sim/sim_1/behav/xsim'
INFO: [USF-XSim-98] *** Running xsim
   with args "task2_clk_wiz_behav -key {Behavioral:sim_1:Functional:task2_clk_wiz} -tclbatch {task2_clk_wiz.tcl} -log {simulate.log}"
INFO: [USF-XSim-8] Loading simulator feature
Vivado Simulator 2018.3
Time resolution is 1 ps
source task2_clk_wiz.tcl
# set curr_wave [current_wave_config]
# if { [string length $curr_wave] == 0 } {
#   if { [llength [get_objects]] > 0} {
#     add_wave /
#     set_property needs_save false [current_wave_config]
#   } else {
#      send_msg_id Add_Wave-1 WARNING "No top level signals found. Simulator will start without a wave window. If you want to open a wave window go to 'File->New Waveform Configuration' or type 'create_wave_config' in the TCL console."
#   }
# }
# run 1000ns
INFO: [USF-XSim-96] XSim completed. Design snapshot 'task2_clk_wiz_behav' loaded.
INFO: [USF-XSim-97] XSim simulation ran for 1000ns
set_property top tb_task2 [get_filesets sim_1]
set_property top_lib xil_defaultlib [get_filesets sim_1]
update_compile_order -fileset sim_1
close_sim
INFO: [Simtcl 6-16] Simulation closed
launch_simulation
INFO: [Vivado 12-5698] Checking validity of IPs in the design for the 'XSim' simulator...
INFO: [Vivado 12-5682] Launching behavioral simulation in 'C:/Users/SZHerio/Desktop/Practicum-on-programmable-logic-integrated-circuits-using-Verilog/07. PLL/07. PLL.sim/sim_1/behav/xsim'
INFO: [Vivado 12-4795] Using compiled simulation libraries for IPs
INFO: [SIM-utils-51] Simulation object is 'sim_1'
INFO: [USF-XSim-7] Finding pre-compiled libraries...
INFO: [USF-XSim-11] File 'C:/Xilinx/Vivado/2018.3/data/xsim/xsim.ini' copied to run dir:'C:/Users/SZHerio/Desktop/Practicum-on-programmable-logic-integrated-circuits-using-Verilog/07. PLL/07. PLL.sim/sim_1/behav/xsim'
INFO: [SIM-utils-54] Inspecting design source files for 'tb_task2' in fileset 'sim_1'...
INFO: [USF-XSim-97] Finding global include files...
INFO: [USF-XSim-98] Fetching design files from 'sim_1'...
INFO: [USF-XSim-2] XSim::Compile design
INFO: [USF-XSim-61] Executing 'COMPILE and ANALYZE' step in 'C:/Users/SZHerio/Desktop/Practicum-on-programmable-logic-integrated-circuits-using-Verilog/07. PLL/07. PLL.sim/sim_1/behav/xsim'
"xvlog --incr --relax -prj tb_task2_vlog.prj"
INFO: [VRFC 10-2263] Analyzing SystemVerilog file "C:/Users/SZHerio/Desktop/Practicum-on-programmable-logic-integrated-circuits-using-Verilog/07. PLL/07. PLL.srcs/sources_1/new/task2.sv" into library xil_defaultlib
INFO: [VRFC 10-311] analyzing module task2
INFO: [VRFC 10-2263] Analyzing SystemVerilog file "C:/Users/SZHerio/Desktop/Practicum-on-programmable-logic-integrated-circuits-using-Verilog/07. PLL/07. PLL.srcs/sim_1/new/task2_all_tb.sv" into library xil_defaultlib
INFO: [VRFC 10-311] analyzing module task2_all_tb
INFO: [VRFC 10-2263] Analyzing SystemVerilog file "C:/Users/SZHerio/Desktop/Practicum-on-programmable-logic-integrated-circuits-using-Verilog/07. PLL/07. PLL.srcs/sources_1/new/task2_clk_wiz.sv" into library xil_defaultlib
INFO: [VRFC 10-311] analyzing module task2_clk_wiz
INFO: [USF-XSim-69] 'compile' step finished in '1' seconds
INFO: [USF-XSim-3] XSim::Elaborate design
INFO: [USF-XSim-61] Executing 'ELABORATE' step in 'C:/Users/SZHerio/Desktop/Practicum-on-programmable-logic-integrated-circuits-using-Verilog/07. PLL/07. PLL.sim/sim_1/behav/xsim'
Vivado Simulator 2018.3
Copyright 1986-1999, 2001-2018 Xilinx, Inc. All Rights Reserved.
Running: C:/Xilinx/Vivado/2018.3/bin/unwrapped/win64.o/xelab.exe -wto 1b99ff10c1a74fe584ef4d58e53369c5 --incr --debug typical --relax --mt 2 -L xil_defaultlib -L unisims_ver -L unimacro_ver -L secureip -L xpm --snapshot tb_task2_behav xil_defaultlib.tb_task2 xil_defaultlib.glbl -log elaborate.log 
Using 2 slave threads.
ERROR: [XSIM 43-3225] Cannot find design unit xil_defaultlib.tb_task2 in library work located at xsim.dir/work.
INFO: [USF-XSim-69] 'elaborate' step finished in '1' seconds
INFO: [USF-XSim-99] Step results log file:'C:/Users/SZHerio/Desktop/Practicum-on-programmable-logic-integrated-circuits-using-Verilog/07. PLL/07. PLL.sim/sim_1/behav/xsim/elaborate.log'
ERROR: [USF-XSim-62] 'elaborate' step failed with error(s). Please check the Tcl console output or 'C:/Users/SZHerio/Desktop/Practicum-on-programmable-logic-integrated-circuits-using-Verilog/07. PLL/07. PLL.sim/sim_1/behav/xsim/elaborate.log' file for more information.
ERROR: [Vivado 12-4473] Detected error while running simulation. Please correct the issue and retry this operation.
launch_simulation: Time (s): cpu = 00:00:00 ; elapsed = 00:00:05 . Memory (MB): peak = 890.434 ; gain = 0.000
ERROR: [Common 17-39] 'launch_simulation' failed due to earlier errors.
set_property top task2_all_tb [get_filesets sim_1]
set_property top_lib xil_defaultlib [get_filesets sim_1]
launch_simulation
INFO: [Vivado 12-5698] Checking validity of IPs in the design for the 'XSim' simulator...
INFO: [Vivado 12-5682] Launching behavioral simulation in 'C:/Users/SZHerio/Desktop/Practicum-on-programmable-logic-integrated-circuits-using-Verilog/07. PLL/07. PLL.sim/sim_1/behav/xsim'
INFO: [Vivado 12-4795] Using compiled simulation libraries for IPs
INFO: [SIM-utils-51] Simulation object is 'sim_1'
INFO: [USF-XSim-7] Finding pre-compiled libraries...
INFO: [USF-XSim-11] File 'C:/Xilinx/Vivado/2018.3/data/xsim/xsim.ini' copied to run dir:'C:/Users/SZHerio/Desktop/Practicum-on-programmable-logic-integrated-circuits-using-Verilog/07. PLL/07. PLL.sim/sim_1/behav/xsim'
INFO: [SIM-utils-54] Inspecting design source files for 'task2_all_tb' in fileset 'sim_1'...
INFO: [USF-XSim-97] Finding global include files...
INFO: [USF-XSim-98] Fetching design files from 'sim_1'...
INFO: [USF-XSim-2] XSim::Compile design
INFO: [USF-XSim-61] Executing 'COMPILE and ANALYZE' step in 'C:/Users/SZHerio/Desktop/Practicum-on-programmable-logic-integrated-circuits-using-Verilog/07. PLL/07. PLL.sim/sim_1/behav/xsim'
"xvlog --incr --relax -prj task2_all_tb_vlog.prj"
INFO: [USF-XSim-69] 'compile' step finished in '1' seconds
INFO: [USF-XSim-3] XSim::Elaborate design
INFO: [USF-XSim-61] Executing 'ELABORATE' step in 'C:/Users/SZHerio/Desktop/Practicum-on-programmable-logic-integrated-circuits-using-Verilog/07. PLL/07. PLL.sim/sim_1/behav/xsim'
Vivado Simulator 2018.3
Copyright 1986-1999, 2001-2018 Xilinx, Inc. All Rights Reserved.
Running: C:/Xilinx/Vivado/2018.3/bin/unwrapped/win64.o/xelab.exe -wto 1b99ff10c1a74fe584ef4d58e53369c5 --incr --debug typical --relax --mt 2 -L xil_defaultlib -L unisims_ver -L unimacro_ver -L secureip -L xpm --snapshot task2_all_tb_behav xil_defaultlib.task2_all_tb xil_defaultlib.glbl -log elaborate.log 
Using 2 slave threads.
Starting static elaboration
WARNING: [VRFC 10-3091] actual bit length 8 differs from formal bit length 9 for port 'dataA_i' [C:/Users/SZHerio/Desktop/Practicum-on-programmable-logic-integrated-circuits-using-Verilog/07. PLL/07. PLL.srcs/sim_1/new/task2_all_tb.sv:22]
WARNING: [VRFC 10-3091] actual bit length 8 differs from formal bit length 9 for port 'dataB_o' [C:/Users/SZHerio/Desktop/Practicum-on-programmable-logic-integrated-circuits-using-Verilog/07. PLL/07. PLL.srcs/sim_1/new/task2_all_tb.sv:23]
Completed static elaboration
Starting simulation data flow analysis
Completed simulation data flow analysis
Time Resolution for simulation is 1ps
Compiling module xil_defaultlib.task2
Compiling module xil_defaultlib.task2_all_tb
Compiling module xil_defaultlib.glbl
Built simulation snapshot task2_all_tb_behav
INFO: [USF-XSim-69] 'elaborate' step finished in '1' seconds
INFO: [USF-XSim-4] XSim::Simulate design
INFO: [USF-XSim-61] Executing 'SIMULATE' step in 'C:/Users/SZHerio/Desktop/Practicum-on-programmable-logic-integrated-circuits-using-Verilog/07. PLL/07. PLL.sim/sim_1/behav/xsim'
INFO: [USF-XSim-98] *** Running xsim
   with args "task2_all_tb_behav -key {Behavioral:sim_1:Functional:task2_all_tb} -tclbatch {task2_all_tb.tcl} -log {simulate.log}"
INFO: [USF-XSim-8] Loading simulator feature
Vivado Simulator 2018.3
Time resolution is 1 ps
source task2_all_tb.tcl
# set curr_wave [current_wave_config]
# if { [string length $curr_wave] == 0 } {
#   if { [llength [get_objects]] > 0} {
#     add_wave /
#     set_property needs_save false [current_wave_config]
#   } else {
#      send_msg_id Add_Wave-1 WARNING "No top level signals found. Simulator will start without a wave window. If you want to open a wave window go to 'File->New Waveform Configuration' or type 'create_wave_config' in the TCL console."
#   }
# }
# run 1000ns
--- Test 1: Sending 8'hA5 ---
INFO: [USF-XSim-96] XSim completed. Design snapshot 'task2_all_tb_behav' loaded.
INFO: [USF-XSim-97] XSim simulation ran for 1000ns
run all
run: Time (s): cpu = 00:00:01 ; elapsed = 00:00:06 . Memory (MB): peak = 890.434 ; gain = 0.000
close_sim
INFO: [Simtcl 6-16] Simulation closed
launch_simulation
INFO: [Vivado 12-5698] Checking validity of IPs in the design for the 'XSim' simulator...
INFO: [Vivado 12-5682] Launching behavioral simulation in 'C:/Users/SZHerio/Desktop/Practicum-on-programmable-logic-integrated-circuits-using-Verilog/07. PLL/07. PLL.sim/sim_1/behav/xsim'
INFO: [Vivado 12-4795] Using compiled simulation libraries for IPs
INFO: [SIM-utils-51] Simulation object is 'sim_1'
INFO: [USF-XSim-7] Finding pre-compiled libraries...
INFO: [USF-XSim-11] File 'C:/Xilinx/Vivado/2018.3/data/xsim/xsim.ini' copied to run dir:'C:/Users/SZHerio/Desktop/Practicum-on-programmable-logic-integrated-circuits-using-Verilog/07. PLL/07. PLL.sim/sim_1/behav/xsim'
INFO: [SIM-utils-54] Inspecting design source files for 'task2_all_tb' in fileset 'sim_1'...
INFO: [USF-XSim-97] Finding global include files...
INFO: [USF-XSim-98] Fetching design files from 'sim_1'...
INFO: [USF-XSim-2] XSim::Compile design
INFO: [USF-XSim-61] Executing 'COMPILE and ANALYZE' step in 'C:/Users/SZHerio/Desktop/Practicum-on-programmable-logic-integrated-circuits-using-Verilog/07. PLL/07. PLL.sim/sim_1/behav/xsim'
"xvlog --incr --relax -prj task2_all_tb_vlog.prj"
INFO: [Common 17-41] Interrupt caught. Command should exit soon.
run_program: Time (s): cpu = 00:00:01 ; elapsed = 00:00:42 . Memory (MB): peak = 890.434 ; gain = 0.000
INFO: [Common 17-344] 'run_program' was cancelled
INFO: [Vivado 12-5357] 'compile' step aborted
launch_simulation: Time (s): cpu = 00:00:01 ; elapsed = 00:00:42 . Memory (MB): peak = 890.434 ; gain = 0.000
INFO: [Common 17-344] 'launch_simulation' was cancelled
launch_simulation
INFO: [Vivado 12-5698] Checking validity of IPs in the design for the 'XSim' simulator...
INFO: [Vivado 12-5682] Launching behavioral simulation in 'C:/Users/SZHerio/Desktop/Practicum-on-programmable-logic-integrated-circuits-using-Verilog/07. PLL/07. PLL.sim/sim_1/behav/xsim'
INFO: [Vivado 12-4795] Using compiled simulation libraries for IPs
INFO: [SIM-utils-51] Simulation object is 'sim_1'
INFO: [USF-XSim-7] Finding pre-compiled libraries...
INFO: [USF-XSim-11] File 'C:/Xilinx/Vivado/2018.3/data/xsim/xsim.ini' copied to run dir:'C:/Users/SZHerio/Desktop/Practicum-on-programmable-logic-integrated-circuits-using-Verilog/07. PLL/07. PLL.sim/sim_1/behav/xsim'
INFO: [SIM-utils-54] Inspecting design source files for 'task2_all_tb' in fileset 'sim_1'...
INFO: [USF-XSim-97] Finding global include files...
INFO: [USF-XSim-98] Fetching design files from 'sim_1'...
INFO: [USF-XSim-2] XSim::Compile design
INFO: [USF-XSim-61] Executing 'COMPILE and ANALYZE' step in 'C:/Users/SZHerio/Desktop/Practicum-on-programmable-logic-integrated-circuits-using-Verilog/07. PLL/07. PLL.sim/sim_1/behav/xsim'
"xvlog --incr --relax -prj task2_all_tb_vlog.prj"
INFO: [Common 17-41] Interrupt caught. Command should exit soon.
run_program: Time (s): cpu = 00:00:00 ; elapsed = 00:00:48 . Memory (MB): peak = 890.434 ; gain = 0.000
INFO: [Common 17-344] 'run_program' was cancelled
INFO: [Vivado 12-5357] 'compile' step aborted
launch_simulation: Time (s): cpu = 00:00:00 ; elapsed = 00:00:48 . Memory (MB): peak = 890.434 ; gain = 0.000
INFO: [Common 17-344] 'launch_simulation' was cancelled
exit
INFO: [Common 17-206] Exiting Vivado at Thu May 21 23:45:26 2026...
