#-----------------------------------------------------------
# Vivado v2018.3 (64-bit)
# SW Build 2405991 on Thu Dec  6 23:38:27 MST 2018
# IP Build 2404404 on Fri Dec  7 01:43:56 MST 2018
# Start of session at: Fri May 22 01:10:50 2026
# Process ID: 9728
# Current directory: C:/Users/SZHerio/Desktop/Practicum-on-programmable-logic-integrated-circuits-using-Verilog/07. PLL
# Command line: vivado.exe -gui_launcher_event rodinguilauncherevent27976 C:\Users\SZHerio\Desktop\Practicum-on-programmable-logic-integrated-circuits-using-Verilog\07. PLL\07. PLL.xpr
# Log file: C:/Users/SZHerio/Desktop/Practicum-on-programmable-logic-integrated-circuits-using-Verilog/07. PLL/vivado.log
# Journal file: C:/Users/SZHerio/Desktop/Practicum-on-programmable-logic-integrated-circuits-using-Verilog/07. PLL\vivado.jou
#-----------------------------------------------------------
start_gui
open_project {C:/Users/SZHerio/Desktop/Practicum-on-programmable-logic-integrated-circuits-using-Verilog/07. PLL/07. PLL.xpr}
INFO: [ProjectBase 1-489] The host OS only allows 260 characters in a normal path. The project is stored in a path with more than 80 characters. If you experience issues with IP, Block Designs, or files not being found, please consider moving the project to a location with a shorter path. Alternately consider using the OS subst command to map part of the path to a drive letter.
Current project path is 'C:/Users/SZHerio/Desktop/Practicum-on-programmable-logic-integrated-circuits-using-Verilog/07. PLL'
Scanning sources...
Finished scanning sources
INFO: [IP_Flow 19-234] Refreshing IP repositories
INFO: [IP_Flow 19-1704] No user IP repositories specified
INFO: [IP_Flow 19-2313] Loaded Vivado IP repository 'C:/Xilinx/Vivado/2018.3/data/ip'.
update_compile_order -fileset sources_1
launch_simulation -mode post-implementation -type timing
INFO: [Vivado 12-5698] Checking validity of IPs in the design for the 'XSim' simulator...
INFO: [Vivado 12-5682] Launching post-implementation timing simulation in 'C:/Users/SZHerio/Desktop/Practicum-on-programmable-logic-integrated-circuits-using-Verilog/07. PLL/07. PLL.sim/sim_1/impl/timing/xsim'
INFO: [Vivado 12-4795] Using compiled simulation libraries for IPs
INFO: [SIM-utils-51] Simulation object is 'sim_1'
INFO: [Netlist 29-17] Analyzing 1 Unisim elements for replacement
INFO: [Netlist 29-28] Unisim Transformation completed in 0 CPU seconds
INFO: [Project 1-479] Netlist was created with Vivado 2018.3
INFO: [Device 21-403] Loading part xc7a100ticsg324-1L
INFO: [Project 1-570] Preparing netlist for logic optimization
INFO: [Timing 38-478] Restoring timing data from binary archive.
INFO: [Timing 38-479] Binary timing data restore complete.
INFO: [Project 1-856] Restoring constraints from binary archive.
INFO: [Project 1-853] Binary constraint restore complete.
Reading XDEF placement.
Reading placer database...
Reading XDEF routing.
Read XDEF File: Time (s): cpu = 00:00:00 ; elapsed = 00:00:00.029 . Memory (MB): peak = 1655.168 ; gain = 0.000
Restored from archive | CPU: 0.000000 secs | Memory: 0.000000 MB |
Finished XDEF File Restore: Time (s): cpu = 00:00:00 ; elapsed = 00:00:00.029 . Memory (MB): peak = 1655.168 ; gain = 0.000
Netlist sorting complete. Time (s): cpu = 00:00:00 ; elapsed = 00:00:00 . Memory (MB): peak = 1655.168 ; gain = 0.000
INFO: [Project 1-111] Unisim Transformation Summary:
No Unisim elements were transformed.

open_run: Time (s): cpu = 00:00:21 ; elapsed = 00:00:14 . Memory (MB): peak = 1866.238 ; gain = 997.820
INFO: [SIM-utils-31] Writing simulation netlist file for design 'impl_1'...
INFO: [SIM-utils-32] write_verilog -mode timesim -nolib -sdf_anno true -force -file "C:/Users/SZHerio/Desktop/Practicum-on-programmable-logic-integrated-circuits-using-Verilog/07. PLL/07. PLL.sim/sim_1/impl/timing/xsim/tb_task2_time_impl.v"
INFO: [SIM-utils-34] Writing SDF file...
INFO: [SIM-utils-35] write_sdf -mode timesim -process_corner slow -force -file "C:/Users/SZHerio/Desktop/Practicum-on-programmable-logic-integrated-circuits-using-Verilog/07. PLL/07. PLL.sim/sim_1/impl/timing/xsim/tb_task2_time_impl.sdf"
INFO: [SIM-utils-36] Netlist generated:C:/Users/SZHerio/Desktop/Practicum-on-programmable-logic-integrated-circuits-using-Verilog/07. PLL/07. PLL.sim/sim_1/impl/timing/xsim/tb_task2_time_impl.v
INFO: [SIM-utils-37] SDF generated:C:/Users/SZHerio/Desktop/Practicum-on-programmable-logic-integrated-circuits-using-Verilog/07. PLL/07. PLL.sim/sim_1/impl/timing/xsim/tb_task2_time_impl.sdf
INFO: [USF-XSim-7] Finding pre-compiled libraries...
INFO: [USF-XSim-11] File 'C:/Xilinx/Vivado/2018.3/data/xsim/xsim.ini' copied to run dir:'C:/Users/SZHerio/Desktop/Practicum-on-programmable-logic-integrated-circuits-using-Verilog/07. PLL/07. PLL.sim/sim_1/impl/timing/xsim'
INFO: [SIM-utils-54] Inspecting design source files for 'tb_task2' in fileset 'sim_1'...
INFO: [USF-XSim-2] XSim::Compile design
INFO: [USF-XSim-61] Executing 'COMPILE and ANALYZE' step in 'C:/Users/SZHerio/Desktop/Practicum-on-programmable-logic-integrated-circuits-using-Verilog/07. PLL/07. PLL.sim/sim_1/impl/timing/xsim'
"xvlog --incr --relax -prj tb_task2_vlog.prj"
INFO: [VRFC 10-2263] Analyzing Verilog file "C:/Users/SZHerio/Desktop/Practicum-on-programmable-logic-integrated-circuits-using-Verilog/07. PLL/07. PLL.sim/sim_1/impl/timing/xsim/tb_task2_time_impl.v" into library xil_defaultlib
INFO: [VRFC 10-311] analyzing module clk_wiz_0
INFO: [VRFC 10-311] analyzing module clk_wiz_0_clk_wiz_0_clk_wiz
INFO: [VRFC 10-311] analyzing module task2
INFO: [VRFC 10-311] analyzing module task2_clk_wiz
INFO: [VRFC 10-311] analyzing module glbl
INFO: [VRFC 10-2263] Analyzing SystemVerilog file "C:/Users/SZHerio/Desktop/Practicum-on-programmable-logic-integrated-circuits-using-Verilog/07. PLL/07. PLL.srcs/sources_1/new/task2.sv" into library xil_defaultlib
INFO: [VRFC 10-311] analyzing module task2
WARNING: [VRFC 10-3609] overwriting previous definition of module 'task2' [C:/Users/SZHerio/Desktop/Practicum-on-programmable-logic-integrated-circuits-using-Verilog/07. PLL/07. PLL.srcs/sources_1/new/task2.sv:3]
INFO: [VRFC 10-2263] Analyzing SystemVerilog file "C:/Users/SZHerio/Desktop/Practicum-on-programmable-logic-integrated-circuits-using-Verilog/07. PLL/07. PLL.srcs/sim_1/new/tb_task2.sv" into library xil_defaultlib
INFO: [VRFC 10-311] analyzing module tb_task2
INFO: [USF-XSim-69] 'compile' step finished in '1' seconds
INFO: [USF-XSim-3] XSim::Elaborate design
INFO: [USF-XSim-61] Executing 'ELABORATE' step in 'C:/Users/SZHerio/Desktop/Practicum-on-programmable-logic-integrated-circuits-using-Verilog/07. PLL/07. PLL.sim/sim_1/impl/timing/xsim'
Vivado Simulator 2018.3
Copyright 1986-1999, 2001-2018 Xilinx, Inc. All Rights Reserved.
Running: C:/Xilinx/Vivado/2018.3/bin/unwrapped/win64.o/xelab.exe -wto 1b99ff10c1a74fe584ef4d58e53369c5 --incr --debug typical --relax --mt 2 --maxdelay -L xil_defaultlib -L simprims_ver -L secureip --snapshot tb_task2_time_impl -transport_int_delays -pulse_r 0 -pulse_int_r 0 -pulse_e 0 -pulse_int_e 0 xil_defaultlib.tb_task2 xil_defaultlib.glbl -log elaborate.log 
Using 2 slave threads.
Starting static elaboration
WARNING: [VRFC 10-3091] actual bit length 8 differs from formal bit length 9 for port 'dataA_i' [C:/Users/SZHerio/Desktop/Practicum-on-programmable-logic-integrated-circuits-using-Verilog/07. PLL/07. PLL.srcs/sim_1/new/tb_task2.sv:22]
WARNING: [VRFC 10-3091] actual bit length 8 differs from formal bit length 9 for port 'dataB_o' [C:/Users/SZHerio/Desktop/Practicum-on-programmable-logic-integrated-circuits-using-Verilog/07. PLL/07. PLL.srcs/sim_1/new/tb_task2.sv:23]
Completed static elaboration
Starting simulation data flow analysis
Completed simulation data flow analysis
Time Resolution for simulation is 1ps
Compiling module xil_defaultlib.task2
Compiling module xil_defaultlib.tb_task2
Compiling module xil_defaultlib.glbl
Built simulation snapshot tb_task2_time_impl
INFO: [USF-XSim-69] 'elaborate' step finished in '1' seconds
INFO: [USF-XSim-4] XSim::Simulate design
INFO: [USF-XSim-61] Executing 'SIMULATE' step in 'C:/Users/SZHerio/Desktop/Practicum-on-programmable-logic-integrated-circuits-using-Verilog/07. PLL/07. PLL.sim/sim_1/impl/timing/xsim'
INFO: [USF-XSim-98] *** Running xsim
   with args "tb_task2_time_impl -key {Post-Implementation:sim_1:Timing:tb_task2} -tclbatch {tb_task2.tcl} -log {simulate.log}"
INFO: [USF-XSim-8] Loading simulator feature
Vivado Simulator 2018.3
Time resolution is 1 ps
source tb_task2.tcl
# set curr_wave [current_wave_config]
# if { [string length $curr_wave] == 0 } {
#   if { [llength [get_objects]] > 0} {
#     add_wave /
#     set_property needs_save false [current_wave_config]
#   } else {
#      send_msg_id Add_Wave-1 WARNING "No top level signals found. Simulator will start without a wave window. If you want to open a wave window go to 'File->New Waveform Configuration' or type 'create_wave_config' in the TCL console."
#   }
# }
# run 1000ns
INFO: [USF-XSim-96] XSim completed. Design snapshot 'tb_task2_time_impl' loaded.
INFO: [USF-XSim-97] XSim simulation ran for 1000ns
launch_simulation: Time (s): cpu = 00:00:32 ; elapsed = 00:00:20 . Memory (MB): peak = 1884.637 ; gain = 1016.219
run 1500 ns
$finish called at time : 1011500 ps : File "C:/Users/SZHerio/Desktop/Practicum-on-programmable-logic-integrated-circuits-using-Verilog/07. PLL/07. PLL.srcs/sim_1/new/tb_task2.sv" Line 76
close_sim
INFO: [Simtcl 6-16] Simulation closed
exit
INFO: [Common 17-206] Exiting Vivado at Fri May 22 01:13:10 2026...
