#-----------------------------------------------------------
# Vivado v2018.3 (64-bit)
# SW Build 2405991 on Thu Dec  6 23:38:27 MST 2018
# IP Build 2404404 on Fri Dec  7 01:43:56 MST 2018
# Start of session at: Thu May 21 22:51:56 2026
# Process ID: 22536
# Current directory: C:/Users/SZHerio/Desktop/Practicum-on-programmable-logic-integrated-circuits-using-Verilog/07. PLL
# Command line: vivado.exe -gui_launcher_event rodinguilauncherevent2228 C:\Users\SZHerio\Desktop\Practicum-on-programmable-logic-integrated-circuits-using-Verilog\07. PLL\07. PLL.xpr
# Log file: C:/Users/SZHerio/Desktop/Practicum-on-programmable-logic-integrated-circuits-using-Verilog/07. PLL/vivado.log
# Journal file: C:/Users/SZHerio/Desktop/Practicum-on-programmable-logic-integrated-circuits-using-Verilog/07. PLL\vivado.jou
#-----------------------------------------------------------
start_gui
open_project {C:/Users/SZHerio/Desktop/Practicum-on-programmable-logic-integrated-circuits-using-Verilog/07. PLL/07. PLL.xpr}
update_compile_order -fileset sources_1
launch_simulation
launch_simulation
launch_simulation
launch_simulation
source task2_all_tb.tcl
run all
run 1500 ns
restart
run 1500 ns
run all
close_sim
update_compile_order -fileset sim_1
launch_simulation
source task2_clk_wiz.tcl
run 1500 ns
run all
close_sim
launch_simulation
source task2_clk_wiz.tcl
run 1500 ns
close_sim
launch_simulation
source task2_clk_wiz.tcl
# Disabling source management mode.  This is to allow the top design properties to be set without GUI intervention.
set_property source_mgmt_mode None [current_project]
set_property top tb_task2 [get_filesets sim_1]
set_property top_lib xil_defaultlib [get_filesets sim_1]
# Re-enabling previously disabled source management mode.
set_property source_mgmt_mode All [current_project]
update_compile_order -fileset sim_1
close_sim
launch_simulation
# Disabling source management mode.  This is to allow the top design properties to be set without GUI intervention.
set_property source_mgmt_mode None [current_project]
set_property top task2_all_tb [get_filesets sim_1]
set_property top_lib xil_defaultlib [get_filesets sim_1]
# Re-enabling previously disabled source management mode.
set_property source_mgmt_mode All [current_project]
launch_simulation
source task2_all_tb.tcl
run all
close_sim
launch_simulation
launch_simulation
