#-----------------------------------------------------------
# Vivado v2018.3 (64-bit)
# SW Build 2405991 on Thu Dec  6 23:38:27 MST 2018
# IP Build 2404404 on Fri Dec  7 01:43:56 MST 2018
# Start of session at: Fri May 22 01:13:15 2026
# Process ID: 19948
# Current directory: C:/Users/SZHerio/Desktop/Practicum-on-programmable-logic-integrated-circuits-using-Verilog/08. APB_CRC
# Command line: vivado.exe -gui_launcher_event rodinguilauncherevent34076 C:\Users\SZHerio\Desktop\Practicum-on-programmable-logic-integrated-circuits-using-Verilog\08. APB_CRC\08. APB_CRC.xpr
# Log file: C:/Users/SZHerio/Desktop/Practicum-on-programmable-logic-integrated-circuits-using-Verilog/08. APB_CRC/vivado.log
# Journal file: C:/Users/SZHerio/Desktop/Practicum-on-programmable-logic-integrated-circuits-using-Verilog/08. APB_CRC\vivado.jou
#-----------------------------------------------------------
start_gui
open_project {C:/Users/SZHerio/Desktop/Practicum-on-programmable-logic-integrated-circuits-using-Verilog/08. APB_CRC/08. APB_CRC.xpr}
INFO: [ProjectBase 1-489] The host OS only allows 260 characters in a normal path. The project is stored in a path with more than 80 characters. If you experience issues with IP, Block Designs, or files not being found, please consider moving the project to a location with a shorter path. Alternately consider using the OS subst command to map part of the path to a drive letter.
Current project path is 'C:/Users/SZHerio/Desktop/Practicum-on-programmable-logic-integrated-circuits-using-Verilog/08. APB_CRC'
Scanning sources...
Finished scanning sources
INFO: [IP_Flow 19-234] Refreshing IP repositories
INFO: [IP_Flow 19-1704] No user IP repositories specified
INFO: [IP_Flow 19-2313] Loaded Vivado IP repository 'C:/Xilinx/Vivado/2018.3/data/ip'.
update_compile_order -fileset sources_1
update_compile_order -fileset sources_1
update_compile_order -fileset sources_1
launch_simulation
INFO: [Vivado 12-5682] Launching behavioral simulation in 'C:/Users/SZHerio/Desktop/Practicum-on-programmable-logic-integrated-circuits-using-Verilog/08. APB_CRC/08. APB_CRC.sim/sim_1/behav/xsim'
INFO: [SIM-utils-51] Simulation object is 'sim_1'
INFO: [SIM-utils-54] Inspecting design source files for 'tb_wrapper_crc12' in fileset 'sim_1'...
INFO: [USF-XSim-97] Finding global include files...
INFO: [USF-XSim-98] Fetching design files from 'sim_1'...
INFO: [USF-XSim-2] XSim::Compile design
INFO: [USF-XSim-61] Executing 'COMPILE and ANALYZE' step in 'C:/Users/SZHerio/Desktop/Practicum-on-programmable-logic-integrated-circuits-using-Verilog/08. APB_CRC/08. APB_CRC.sim/sim_1/behav/xsim'
"xvlog --incr --relax -prj tb_wrapper_crc12_vlog.prj"
INFO: [VRFC 10-2263] Analyzing SystemVerilog file "C:/Users/SZHerio/Desktop/Practicum-on-programmable-logic-integrated-circuits-using-Verilog/08. APB_CRC/08. APB_CRC.srcs/sources_1/new/crc12.sv" into library xil_defaultlib
INFO: [VRFC 10-311] analyzing module crc12
INFO: [VRFC 10-2263] Analyzing SystemVerilog file "C:/Users/SZHerio/Desktop/Practicum-on-programmable-logic-integrated-circuits-using-Verilog/08. APB_CRC/08. APB_CRC.srcs/sources_1/new/wrapper_crc12.sv" into library xil_defaultlib
INFO: [VRFC 10-311] analyzing module wrapper_crc12
INFO: [VRFC 10-2263] Analyzing SystemVerilog file "C:/Users/SZHerio/Desktop/Practicum-on-programmable-logic-integrated-circuits-using-Verilog/08. APB_CRC/08. APB_CRC.srcs/sim_1/new/wrapper_crc12_tb.sv" into library xil_defaultlib
INFO: [VRFC 10-311] analyzing module tb_wrapper_crc12
INFO: [VRFC 10-2263] Analyzing Verilog file "C:/Users/SZHerio/Desktop/Practicum-on-programmable-logic-integrated-circuits-using-Verilog/08. APB_CRC/08. APB_CRC.sim/sim_1/behav/xsim/glbl.v" into library xil_defaultlib
INFO: [VRFC 10-311] analyzing module glbl
INFO: [USF-XSim-69] 'compile' step finished in '1' seconds
INFO: [USF-XSim-3] XSim::Elaborate design
INFO: [USF-XSim-61] Executing 'ELABORATE' step in 'C:/Users/SZHerio/Desktop/Practicum-on-programmable-logic-integrated-circuits-using-Verilog/08. APB_CRC/08. APB_CRC.sim/sim_1/behav/xsim'
Vivado Simulator 2018.3
Copyright 1986-1999, 2001-2018 Xilinx, Inc. All Rights Reserved.
Running: C:/Xilinx/Vivado/2018.3/bin/unwrapped/win64.o/xelab.exe -wto b69f36a796184c709bd090d25c2b8b55 --incr --debug typical --relax --mt 2 -L xil_defaultlib -L unisims_ver -L unimacro_ver -L secureip --snapshot tb_wrapper_crc12_behav xil_defaultlib.tb_wrapper_crc12 xil_defaultlib.glbl -log elaborate.log 
Using 2 slave threads.
Starting static elaboration
Completed static elaboration
Starting simulation data flow analysis
Completed simulation data flow analysis
Time Resolution for simulation is 1ps
Compiling module xil_defaultlib.crc12
Compiling module xil_defaultlib.wrapper_crc12
Compiling module xil_defaultlib.tb_wrapper_crc12
Compiling module xil_defaultlib.glbl
Built simulation snapshot tb_wrapper_crc12_behav

****** Webtalk v2018.3 (64-bit)
  **** SW Build 2405991 on Thu Dec  6 23:38:27 MST 2018
  **** IP Build 2404404 on Fri Dec  7 01:43:56 MST 2018
    ** Copyright 1986-2018 Xilinx, Inc. All Rights Reserved.

source C:/Users/SZHerio/Desktop/Practicum-on-programmable-logic-integrated-circuits-using-Verilog/08. -notrace
couldn't read file "C:/Users/SZHerio/Desktop/Practicum-on-programmable-logic-integrated-circuits-using-Verilog/08.": permission denied
INFO: [Common 17-206] Exiting Webtalk at Fri May 22 02:19:27 2026...
INFO: [USF-XSim-69] 'elaborate' step finished in '2' seconds
INFO: [USF-XSim-4] XSim::Simulate design
INFO: [USF-XSim-61] Executing 'SIMULATE' step in 'C:/Users/SZHerio/Desktop/Practicum-on-programmable-logic-integrated-circuits-using-Verilog/08. APB_CRC/08. APB_CRC.sim/sim_1/behav/xsim'
INFO: [USF-XSim-98] *** Running xsim
   with args "tb_wrapper_crc12_behav -key {Behavioral:sim_1:Functional:tb_wrapper_crc12} -tclbatch {tb_wrapper_crc12.tcl} -log {simulate.log}"
INFO: [USF-XSim-8] Loading simulator feature
Vivado Simulator 2018.3
Time resolution is 1 ps
source tb_wrapper_crc12.tcl
# set curr_wave [current_wave_config]
# if { [string length $curr_wave] == 0 } {
#   if { [llength [get_objects]] > 0} {
#     add_wave /
#     set_property needs_save false [current_wave_config]
#   } else {
#      send_msg_id Add_Wave-1 WARNING "No top level signals found. Simulator will start without a wave window. If you want to open a wave window go to 'File->New Waveform Configuration' or type 'create_wave_config' in the TCL console."
#   }
# }
# run 1000ns
INFO: [USF-XSim-96] XSim completed. Design snapshot 'tb_wrapper_crc12_behav' loaded.
INFO: [USF-XSim-97] XSim simulation ran for 1000ns
launch_simulation: Time (s): cpu = 00:00:06 ; elapsed = 00:00:05 . Memory (MB): peak = 906.840 ; gain = 37.254
run 1500 ns
run 100000 ns
run 100000 ns
close_sim
INFO: [Simtcl 6-16] Simulation closed
launch_simulation
INFO: [Vivado 12-5682] Launching behavioral simulation in 'C:/Users/SZHerio/Desktop/Practicum-on-programmable-logic-integrated-circuits-using-Verilog/08. APB_CRC/08. APB_CRC.sim/sim_1/behav/xsim'
INFO: [SIM-utils-51] Simulation object is 'sim_1'
INFO: [SIM-utils-54] Inspecting design source files for 'tb_wrapper_crc12' in fileset 'sim_1'...
INFO: [USF-XSim-97] Finding global include files...
INFO: [USF-XSim-98] Fetching design files from 'sim_1'...
INFO: [USF-XSim-2] XSim::Compile design
INFO: [USF-XSim-61] Executing 'COMPILE and ANALYZE' step in 'C:/Users/SZHerio/Desktop/Practicum-on-programmable-logic-integrated-circuits-using-Verilog/08. APB_CRC/08. APB_CRC.sim/sim_1/behav/xsim'
"xvlog --incr --relax -prj tb_wrapper_crc12_vlog.prj"
INFO: [VRFC 10-2263] Analyzing SystemVerilog file "C:/Users/SZHerio/Desktop/Practicum-on-programmable-logic-integrated-circuits-using-Verilog/08. APB_CRC/08. APB_CRC.srcs/sources_1/new/crc12.sv" into library xil_defaultlib
INFO: [VRFC 10-311] analyzing module crc12
INFO: [VRFC 10-2263] Analyzing SystemVerilog file "C:/Users/SZHerio/Desktop/Practicum-on-programmable-logic-integrated-circuits-using-Verilog/08. APB_CRC/08. APB_CRC.srcs/sources_1/new/wrapper_crc12.sv" into library xil_defaultlib
INFO: [VRFC 10-311] analyzing module wrapper_crc12
INFO: [VRFC 10-2263] Analyzing SystemVerilog file "C:/Users/SZHerio/Desktop/Practicum-on-programmable-logic-integrated-circuits-using-Verilog/08. APB_CRC/08. APB_CRC.srcs/sim_1/new/wrapper_crc12_tb.sv" into library xil_defaultlib
INFO: [VRFC 10-311] analyzing module tb_wrapper_crc12
INFO: [USF-XSim-69] 'compile' step finished in '1' seconds
INFO: [USF-XSim-3] XSim::Elaborate design
INFO: [USF-XSim-61] Executing 'ELABORATE' step in 'C:/Users/SZHerio/Desktop/Practicum-on-programmable-logic-integrated-circuits-using-Verilog/08. APB_CRC/08. APB_CRC.sim/sim_1/behav/xsim'
Vivado Simulator 2018.3
Copyright 1986-1999, 2001-2018 Xilinx, Inc. All Rights Reserved.
Running: C:/Xilinx/Vivado/2018.3/bin/unwrapped/win64.o/xelab.exe -wto b69f36a796184c709bd090d25c2b8b55 --incr --debug typical --relax --mt 2 -L xil_defaultlib -L unisims_ver -L unimacro_ver -L secureip --snapshot tb_wrapper_crc12_behav xil_defaultlib.tb_wrapper_crc12 xil_defaultlib.glbl -log elaborate.log 
Using 2 slave threads.
Starting static elaboration
Completed static elaboration
Starting simulation data flow analysis
Completed simulation data flow analysis
Time Resolution for simulation is 1ps
Compiling module xil_defaultlib.crc12
Compiling module xil_defaultlib.wrapper_crc12
Compiling module xil_defaultlib.tb_wrapper_crc12
Compiling module xil_defaultlib.glbl
Built simulation snapshot tb_wrapper_crc12_behav
INFO: [USF-XSim-69] 'elaborate' step finished in '1' seconds
INFO: [USF-XSim-4] XSim::Simulate design
INFO: [USF-XSim-61] Executing 'SIMULATE' step in 'C:/Users/SZHerio/Desktop/Practicum-on-programmable-logic-integrated-circuits-using-Verilog/08. APB_CRC/08. APB_CRC.sim/sim_1/behav/xsim'
INFO: [USF-XSim-98] *** Running xsim
   with args "tb_wrapper_crc12_behav -key {Behavioral:sim_1:Functional:tb_wrapper_crc12} -tclbatch {tb_wrapper_crc12.tcl} -log {simulate.log}"
INFO: [USF-XSim-8] Loading simulator feature
Vivado Simulator 2018.3
Time resolution is 1 ps
source tb_wrapper_crc12.tcl
# set curr_wave [current_wave_config]
# if { [string length $curr_wave] == 0 } {
#   if { [llength [get_objects]] > 0} {
#     add_wave /
#     set_property needs_save false [current_wave_config]
#   } else {
#      send_msg_id Add_Wave-1 WARNING "No top level signals found. Simulator will start without a wave window. If you want to open a wave window go to 'File->New Waveform Configuration' or type 'create_wave_config' in the TCL console."
#   }
# }
# run 1000ns
INFO: [USF-XSim-96] XSim completed. Design snapshot 'tb_wrapper_crc12_behav' loaded.
INFO: [USF-XSim-97] XSim simulation ran for 1000ns
run all
close_sim
INFO: [Simtcl 6-16] Simulation closed
exit
INFO: [Common 17-206] Exiting Vivado at Fri May 22 02:26:53 2026...
