#-----------------------------------------------------------
# Vivado v2018.3 (64-bit)
# SW Build 2405991 on Thu Dec  6 23:38:27 MST 2018
# IP Build 2404404 on Fri Dec  7 01:43:56 MST 2018
# Start of session at: Fri May 22 02:26:59 2026
# Process ID: 32896
# Current directory: C:/Users/SZHerio/Desktop/Practicum-on-programmable-logic-integrated-circuits-using-Verilog/08. APB_CRC
# Command line: vivado.exe -gui_launcher_event rodinguilauncherevent13248 C:\Users\SZHerio\Desktop\Practicum-on-programmable-logic-integrated-circuits-using-Verilog\08. APB_CRC\08. APB_CRC.xpr
# Log file: C:/Users/SZHerio/Desktop/Practicum-on-programmable-logic-integrated-circuits-using-Verilog/08. APB_CRC/vivado.log
# Journal file: C:/Users/SZHerio/Desktop/Practicum-on-programmable-logic-integrated-circuits-using-Verilog/08. APB_CRC\vivado.jou
#-----------------------------------------------------------
start_gui
open_project {C:/Users/SZHerio/Desktop/Practicum-on-programmable-logic-integrated-circuits-using-Verilog/08. APB_CRC/08. APB_CRC.xpr}
INFO: [ProjectBase 1-489] The host OS only allows 260 characters in a normal path. The project is stored in a path with more than 80 characters. If you experience issues with IP, Block Designs, or files not being found, please consider moving the project to a location with a shorter path. Alternately consider using the OS subst command to map part of the path to a drive letter.
Current project path is 'C:/Users/SZHerio/Desktop/Practicum-on-programmable-logic-integrated-circuits-using-Verilog/08. APB_CRC'
Scanning sources...
Finished scanning sources
INFO: [IP_Flow 19-234] Refreshing IP repositories
INFO: [IP_Flow 19-1704] No user IP repositories specified
INFO: [IP_Flow 19-2313] Loaded Vivado IP repository 'C:/Xilinx/Vivado/2018.3/data/ip'.
update_compile_order -fileset sources_1
launch_simulation
INFO: [Vivado 12-5682] Launching behavioral simulation in 'C:/Users/SZHerio/Desktop/Practicum-on-programmable-logic-integrated-circuits-using-Verilog/08. APB_CRC/08. APB_CRC.sim/sim_1/behav/xsim'
INFO: [SIM-utils-51] Simulation object is 'sim_1'
INFO: [SIM-utils-54] Inspecting design source files for 'wrapper_crc12_tb' in fileset 'sim_1'...
INFO: [USF-XSim-97] Finding global include files...
INFO: [USF-XSim-98] Fetching design files from 'sim_1'...
INFO: [USF-XSim-2] XSim::Compile design
INFO: [USF-XSim-61] Executing 'COMPILE and ANALYZE' step in 'C:/Users/SZHerio/Desktop/Practicum-on-programmable-logic-integrated-circuits-using-Verilog/08. APB_CRC/08. APB_CRC.sim/sim_1/behav/xsim'
"xvlog --incr --relax -prj wrapper_crc12_tb_vlog.prj"
INFO: [VRFC 10-2263] Analyzing SystemVerilog file "C:/Users/SZHerio/Desktop/Practicum-on-programmable-logic-integrated-circuits-using-Verilog/08. APB_CRC/08. APB_CRC.srcs/sources_1/new/crc12.sv" into library xil_defaultlib
INFO: [VRFC 10-311] analyzing module crc12
INFO: [VRFC 10-2263] Analyzing SystemVerilog file "C:/Users/SZHerio/Desktop/Practicum-on-programmable-logic-integrated-circuits-using-Verilog/08. APB_CRC/08. APB_CRC.srcs/sources_1/new/wrapper_crc12.sv" into library xil_defaultlib
INFO: [VRFC 10-311] analyzing module wrapper_crc12
INFO: [VRFC 10-2263] Analyzing SystemVerilog file "C:/Users/SZHerio/Desktop/Practicum-on-programmable-logic-integrated-circuits-using-Verilog/08. APB_CRC/08. APB_CRC.srcs/sim_1/new/wrapper_crc12_tb.sv" into library xil_defaultlib
INFO: [VRFC 10-311] analyzing module wrapper_crc12_tb
INFO: [USF-XSim-69] 'compile' step finished in '1' seconds
INFO: [USF-XSim-3] XSim::Elaborate design
INFO: [USF-XSim-61] Executing 'ELABORATE' step in 'C:/Users/SZHerio/Desktop/Practicum-on-programmable-logic-integrated-circuits-using-Verilog/08. APB_CRC/08. APB_CRC.sim/sim_1/behav/xsim'
Vivado Simulator 2018.3
Copyright 1986-1999, 2001-2018 Xilinx, Inc. All Rights Reserved.
Running: C:/Xilinx/Vivado/2018.3/bin/unwrapped/win64.o/xelab.exe -wto b69f36a796184c709bd090d25c2b8b55 --incr --debug typical --relax --mt 2 -L xil_defaultlib -L unisims_ver -L unimacro_ver -L secureip --snapshot wrapper_crc12_tb_behav xil_defaultlib.wrapper_crc12_tb xil_defaultlib.glbl -log elaborate.log 
Using 2 slave threads.
Starting static elaboration
Completed static elaboration
Starting simulation data flow analysis
Completed simulation data flow analysis
Time Resolution for simulation is 1ps
Compiling module xil_defaultlib.crc12
Compiling module xil_defaultlib.wrapper_crc12
Compiling module xil_defaultlib.wrapper_crc12_tb
Compiling module xil_defaultlib.glbl
Built simulation snapshot wrapper_crc12_tb_behav

****** Webtalk v2018.3 (64-bit)
  **** SW Build 2405991 on Thu Dec  6 23:38:27 MST 2018
  **** IP Build 2404404 on Fri Dec  7 01:43:56 MST 2018
    ** Copyright 1986-2018 Xilinx, Inc. All Rights Reserved.

source C:/Users/SZHerio/Desktop/Practicum-on-programmable-logic-integrated-circuits-using-Verilog/08. -notrace
couldn't read file "C:/Users/SZHerio/Desktop/Practicum-on-programmable-logic-integrated-circuits-using-Verilog/08.": permission denied
INFO: [Common 17-206] Exiting Webtalk at Fri May 22 02:28:16 2026...
INFO: [USF-XSim-69] 'elaborate' step finished in '2' seconds
INFO: [USF-XSim-4] XSim::Simulate design
INFO: [USF-XSim-61] Executing 'SIMULATE' step in 'C:/Users/SZHerio/Desktop/Practicum-on-programmable-logic-integrated-circuits-using-Verilog/08. APB_CRC/08. APB_CRC.sim/sim_1/behav/xsim'
INFO: [USF-XSim-98] *** Running xsim
   with args "wrapper_crc12_tb_behav -key {Behavioral:sim_1:Functional:wrapper_crc12_tb} -tclbatch {wrapper_crc12_tb.tcl} -log {simulate.log}"
INFO: [USF-XSim-8] Loading simulator feature
Vivado Simulator 2018.3
Time resolution is 1 ps
source wrapper_crc12_tb.tcl
# set curr_wave [current_wave_config]
# if { [string length $curr_wave] == 0 } {
#   if { [llength [get_objects]] > 0} {
#     add_wave /
#     set_property needs_save false [current_wave_config]
#   } else {
#      send_msg_id Add_Wave-1 WARNING "No top level signals found. Simulator will start without a wave window. If you want to open a wave window go to 'File->New Waveform Configuration' or type 'create_wave_config' in the TCL console."
#   }
# }
# run 1000ns
INFO: [USF-XSim-96] XSim completed. Design snapshot 'wrapper_crc12_tb_behav' loaded.
INFO: [USF-XSim-97] XSim simulation ran for 1000ns
launch_simulation: Time (s): cpu = 00:00:05 ; elapsed = 00:00:05 . Memory (MB): peak = 869.703 ; gain = 7.227
run 100000 ns
close_sim
INFO: [Simtcl 6-16] Simulation closed
launch_simulation
INFO: [Vivado 12-5682] Launching behavioral simulation in 'C:/Users/SZHerio/Desktop/Practicum-on-programmable-logic-integrated-circuits-using-Verilog/08. APB_CRC/08. APB_CRC.sim/sim_1/behav/xsim'
INFO: [SIM-utils-51] Simulation object is 'sim_1'
INFO: [SIM-utils-54] Inspecting design source files for 'wrapper_crc12_tb' in fileset 'sim_1'...
INFO: [USF-XSim-97] Finding global include files...
INFO: [USF-XSim-98] Fetching design files from 'sim_1'...
INFO: [USF-XSim-2] XSim::Compile design
INFO: [USF-XSim-61] Executing 'COMPILE and ANALYZE' step in 'C:/Users/SZHerio/Desktop/Practicum-on-programmable-logic-integrated-circuits-using-Verilog/08. APB_CRC/08. APB_CRC.sim/sim_1/behav/xsim'
"xvlog --incr --relax -prj wrapper_crc12_tb_vlog.prj"
INFO: [USF-XSim-69] 'compile' step finished in '1' seconds
INFO: [USF-XSim-3] XSim::Elaborate design
INFO: [USF-XSim-61] Executing 'ELABORATE' step in 'C:/Users/SZHerio/Desktop/Practicum-on-programmable-logic-integrated-circuits-using-Verilog/08. APB_CRC/08. APB_CRC.sim/sim_1/behav/xsim'
Vivado Simulator 2018.3
Copyright 1986-1999, 2001-2018 Xilinx, Inc. All Rights Reserved.
Running: C:/Xilinx/Vivado/2018.3/bin/unwrapped/win64.o/xelab.exe -wto b69f36a796184c709bd090d25c2b8b55 --incr --debug typical --relax --mt 2 -L xil_defaultlib -L unisims_ver -L unimacro_ver -L secureip --snapshot wrapper_crc12_tb_behav xil_defaultlib.wrapper_crc12_tb xil_defaultlib.glbl -log elaborate.log 
Using 2 slave threads.
Starting static elaboration
Completed static elaboration
INFO: [XSIM 43-4323] No Change in HDL. Linking previously generated obj files to create kernel
INFO: [USF-XSim-69] 'elaborate' step finished in '1' seconds
INFO: [USF-XSim-4] XSim::Simulate design
INFO: [USF-XSim-61] Executing 'SIMULATE' step in 'C:/Users/SZHerio/Desktop/Practicum-on-programmable-logic-integrated-circuits-using-Verilog/08. APB_CRC/08. APB_CRC.sim/sim_1/behav/xsim'
INFO: [USF-XSim-98] *** Running xsim
   with args "wrapper_crc12_tb_behav -key {Behavioral:sim_1:Functional:wrapper_crc12_tb} -tclbatch {wrapper_crc12_tb.tcl} -log {simulate.log}"
INFO: [USF-XSim-8] Loading simulator feature
Vivado Simulator 2018.3
Time resolution is 1 ps
source wrapper_crc12_tb.tcl
# set curr_wave [current_wave_config]
# if { [string length $curr_wave] == 0 } {
#   if { [llength [get_objects]] > 0} {
#     add_wave /
#     set_property needs_save false [current_wave_config]
#   } else {
#      send_msg_id Add_Wave-1 WARNING "No top level signals found. Simulator will start without a wave window. If you want to open a wave window go to 'File->New Waveform Configuration' or type 'create_wave_config' in the TCL console."
#   }
# }
# run 1000ns
INFO: [USF-XSim-96] XSim completed. Design snapshot 'wrapper_crc12_tb_behav' loaded.
INFO: [USF-XSim-97] XSim simulation ran for 1000ns
close_sim
INFO: [Simtcl 6-16] Simulation closed
export_ip_user_files -of_objects  [get_files {{C:/Users/SZHerio/Desktop/Practicum-on-programmable-logic-integrated-circuits-using-Verilog/08. APB_CRC/08. APB_CRC.srcs/sim_1/new/wrapper_crc12_tb.sv}}] -no_script -reset -force -quiet
remove_files  -fileset sim_1 {{C:/Users/SZHerio/Desktop/Practicum-on-programmable-logic-integrated-circuits-using-Verilog/08. APB_CRC/08. APB_CRC.srcs/sim_1/new/wrapper_crc12_tb.sv}}
remove_files  -fileset sim_1 {{C:/Users/SZHerio/Desktop/Practicum-on-programmable-logic-integrated-circuits-using-Verilog/08. APB_CRC/08. APB_CRC.srcs/sim_1/new/wrapper_crc12_tb.sv}}
WARNING: [Vivado 12-818] No files matched 'C:/Users/SZHerio/Desktop/Practicum-on-programmable-logic-integrated-circuits-using-Verilog/08. APB_CRC/08. APB_CRC.srcs/sim_1/new/wrapper_crc12_tb.sv'
set_property SOURCE_SET sources_1 [get_filesets sim_1]
close [ open {C:/Users/SZHerio/Desktop/Practicum-on-programmable-logic-integrated-circuits-using-Verilog/08. APB_CRC/08. APB_CRC.srcs/sim_1/new/tb_wrapper_crc12.v} w ]
add_files -fileset sim_1 {{C:/Users/SZHerio/Desktop/Practicum-on-programmable-logic-integrated-circuits-using-Verilog/08. APB_CRC/08. APB_CRC.srcs/sim_1/new/tb_wrapper_crc12.v}}
update_compile_order -fileset sim_1
set_property top tb_wrapper_crc12 [get_filesets sim_1]
update_compile_order -fileset sim_1
launch_simulation
INFO: [Vivado 12-5682] Launching behavioral simulation in 'C:/Users/SZHerio/Desktop/Practicum-on-programmable-logic-integrated-circuits-using-Verilog/08. APB_CRC/08. APB_CRC.sim/sim_1/behav/xsim'
INFO: [SIM-utils-51] Simulation object is 'sim_1'
INFO: [SIM-utils-54] Inspecting design source files for 'tb_wrapper_crc12' in fileset 'sim_1'...
INFO: [USF-XSim-97] Finding global include files...
INFO: [USF-XSim-98] Fetching design files from 'sim_1'...
INFO: [USF-XSim-2] XSim::Compile design
INFO: [USF-XSim-61] Executing 'COMPILE and ANALYZE' step in 'C:/Users/SZHerio/Desktop/Practicum-on-programmable-logic-integrated-circuits-using-Verilog/08. APB_CRC/08. APB_CRC.sim/sim_1/behav/xsim'
"xvlog --incr --relax -prj tb_wrapper_crc12_vlog.prj"
INFO: [VRFC 10-2263] Analyzing Verilog file "C:/Users/SZHerio/Desktop/Practicum-on-programmable-logic-integrated-circuits-using-Verilog/08. APB_CRC/08. APB_CRC.srcs/sim_1/new/tb_wrapper_crc12.v" into library xil_defaultlib
INFO: [VRFC 10-311] analyzing module tb_wrapper_crc12
ERROR: [VRFC 10-2939] 'logic' is an unknown type [C:/Users/SZHerio/Desktop/Practicum-on-programmable-logic-integrated-circuits-using-Verilog/08. APB_CRC/08. APB_CRC.srcs/sim_1/new/tb_wrapper_crc12.v:5]
ERROR: [VRFC 10-2939] 'logic' is an unknown type [C:/Users/SZHerio/Desktop/Practicum-on-programmable-logic-integrated-circuits-using-Verilog/08. APB_CRC/08. APB_CRC.srcs/sim_1/new/tb_wrapper_crc12.v:6]
ERROR: [VRFC 10-2939] 'logic' is an unknown type [C:/Users/SZHerio/Desktop/Practicum-on-programmable-logic-integrated-circuits-using-Verilog/08. APB_CRC/08. APB_CRC.srcs/sim_1/new/tb_wrapper_crc12.v:7]
ERROR: [VRFC 10-2939] 'logic' is an unknown type [C:/Users/SZHerio/Desktop/Practicum-on-programmable-logic-integrated-circuits-using-Verilog/08. APB_CRC/08. APB_CRC.srcs/sim_1/new/tb_wrapper_crc12.v:8]
ERROR: [VRFC 10-2939] 'logic' is an unknown type [C:/Users/SZHerio/Desktop/Practicum-on-programmable-logic-integrated-circuits-using-Verilog/08. APB_CRC/08. APB_CRC.srcs/sim_1/new/tb_wrapper_crc12.v:9]
ERROR: [VRFC 10-2939] 'logic' is an unknown type [C:/Users/SZHerio/Desktop/Practicum-on-programmable-logic-integrated-circuits-using-Verilog/08. APB_CRC/08. APB_CRC.srcs/sim_1/new/tb_wrapper_crc12.v:10]
ERROR: [VRFC 10-2939] 'logic' is an unknown type [C:/Users/SZHerio/Desktop/Practicum-on-programmable-logic-integrated-circuits-using-Verilog/08. APB_CRC/08. APB_CRC.srcs/sim_1/new/tb_wrapper_crc12.v:11]
ERROR: [VRFC 10-2939] 'logic' is an unknown type [C:/Users/SZHerio/Desktop/Practicum-on-programmable-logic-integrated-circuits-using-Verilog/08. APB_CRC/08. APB_CRC.srcs/sim_1/new/tb_wrapper_crc12.v:12]
ERROR: [VRFC 10-2939] 'logic' is an unknown type [C:/Users/SZHerio/Desktop/Practicum-on-programmable-logic-integrated-circuits-using-Verilog/08. APB_CRC/08. APB_CRC.srcs/sim_1/new/tb_wrapper_crc12.v:13]
ERROR: [VRFC 10-2939] 'logic' is an unknown type [C:/Users/SZHerio/Desktop/Practicum-on-programmable-logic-integrated-circuits-using-Verilog/08. APB_CRC/08. APB_CRC.srcs/sim_1/new/tb_wrapper_crc12.v:14]
ERROR: [VRFC 10-2865] module 'tb_wrapper_crc12' ignored due to previous errors [C:/Users/SZHerio/Desktop/Practicum-on-programmable-logic-integrated-circuits-using-Verilog/08. APB_CRC/08. APB_CRC.srcs/sim_1/new/tb_wrapper_crc12.v:3]
INFO: [USF-XSim-69] 'compile' step finished in '1' seconds
INFO: [USF-XSim-99] Step results log file:'C:/Users/SZHerio/Desktop/Practicum-on-programmable-logic-integrated-circuits-using-Verilog/08. APB_CRC/08. APB_CRC.sim/sim_1/behav/xsim/xvlog.log'
ERROR: [USF-XSim-62] 'compile' step failed with error(s). Please check the Tcl console output or 'C:/Users/SZHerio/Desktop/Practicum-on-programmable-logic-integrated-circuits-using-Verilog/08. APB_CRC/08. APB_CRC.sim/sim_1/behav/xsim/xvlog.log' file for more information.
ERROR: [Vivado 12-4473] Detected error while running simulation. Please correct the issue and retry this operation.
ERROR: [Common 17-39] 'launch_simulation' failed due to earlier errors.
export_ip_user_files -of_objects  [get_files {{C:/Users/SZHerio/Desktop/Practicum-on-programmable-logic-integrated-circuits-using-Verilog/08. APB_CRC/08. APB_CRC.srcs/sim_1/new/tb_wrapper_crc12.v}}] -no_script -reset -force -quiet
remove_files  -fileset sim_1 {{C:/Users/SZHerio/Desktop/Practicum-on-programmable-logic-integrated-circuits-using-Verilog/08. APB_CRC/08. APB_CRC.srcs/sim_1/new/tb_wrapper_crc12.v}}
set_property SOURCE_SET sources_1 [get_filesets sim_1]
close [ open {C:/Users/SZHerio/Desktop/Practicum-on-programmable-logic-integrated-circuits-using-Verilog/08. APB_CRC/08. APB_CRC.srcs/sim_1/new/tb_wrapper_crc12.sv} w ]
add_files -fileset sim_1 {{C:/Users/SZHerio/Desktop/Practicum-on-programmable-logic-integrated-circuits-using-Verilog/08. APB_CRC/08. APB_CRC.srcs/sim_1/new/tb_wrapper_crc12.sv}}
launch_simulation
INFO: [Vivado 12-5682] Launching behavioral simulation in 'C:/Users/SZHerio/Desktop/Practicum-on-programmable-logic-integrated-circuits-using-Verilog/08. APB_CRC/08. APB_CRC.sim/sim_1/behav/xsim'
INFO: [SIM-utils-51] Simulation object is 'sim_1'
INFO: [SIM-utils-54] Inspecting design source files for 'tb_wrapper_crc12' in fileset 'sim_1'...
INFO: [USF-XSim-97] Finding global include files...
INFO: [USF-XSim-98] Fetching design files from 'sim_1'...
INFO: [USF-XSim-2] XSim::Compile design
INFO: [USF-XSim-61] Executing 'COMPILE and ANALYZE' step in 'C:/Users/SZHerio/Desktop/Practicum-on-programmable-logic-integrated-circuits-using-Verilog/08. APB_CRC/08. APB_CRC.sim/sim_1/behav/xsim'
"xvlog --incr --relax -prj tb_wrapper_crc12_vlog.prj"
INFO: [VRFC 10-2263] Analyzing SystemVerilog file "C:/Users/SZHerio/Desktop/Practicum-on-programmable-logic-integrated-circuits-using-Verilog/08. APB_CRC/08. APB_CRC.srcs/sim_1/new/tb_wrapper_crc12.sv" into library xil_defaultlib
INFO: [VRFC 10-311] analyzing module tb_wrapper_crc12
INFO: [USF-XSim-69] 'compile' step finished in '1' seconds
INFO: [USF-XSim-3] XSim::Elaborate design
INFO: [USF-XSim-61] Executing 'ELABORATE' step in 'C:/Users/SZHerio/Desktop/Practicum-on-programmable-logic-integrated-circuits-using-Verilog/08. APB_CRC/08. APB_CRC.sim/sim_1/behav/xsim'
Vivado Simulator 2018.3
Copyright 1986-1999, 2001-2018 Xilinx, Inc. All Rights Reserved.
Running: C:/Xilinx/Vivado/2018.3/bin/unwrapped/win64.o/xelab.exe -wto b69f36a796184c709bd090d25c2b8b55 --incr --debug typical --relax --mt 2 -L xil_defaultlib -L unisims_ver -L unimacro_ver -L secureip --snapshot tb_wrapper_crc12_behav xil_defaultlib.tb_wrapper_crc12 xil_defaultlib.glbl -log elaborate.log 
Using 2 slave threads.
Starting static elaboration
Completed static elaboration
Starting simulation data flow analysis
Completed simulation data flow analysis
Time Resolution for simulation is 1ps
Compiling module xil_defaultlib.crc12
Compiling module xil_defaultlib.wrapper_crc12
Compiling module xil_defaultlib.tb_wrapper_crc12
Compiling module xil_defaultlib.glbl
Built simulation snapshot tb_wrapper_crc12_behav
INFO: [USF-XSim-69] 'elaborate' step finished in '1' seconds
INFO: [USF-XSim-4] XSim::Simulate design
INFO: [USF-XSim-61] Executing 'SIMULATE' step in 'C:/Users/SZHerio/Desktop/Practicum-on-programmable-logic-integrated-circuits-using-Verilog/08. APB_CRC/08. APB_CRC.sim/sim_1/behav/xsim'
INFO: [USF-XSim-98] *** Running xsim
   with args "tb_wrapper_crc12_behav -key {Behavioral:sim_1:Functional:tb_wrapper_crc12} -tclbatch {tb_wrapper_crc12.tcl} -log {simulate.log}"
INFO: [USF-XSim-8] Loading simulator feature
Vivado Simulator 2018.3
Time resolution is 1 ps
source tb_wrapper_crc12.tcl
# set curr_wave [current_wave_config]
# if { [string length $curr_wave] == 0 } {
#   if { [llength [get_objects]] > 0} {
#     add_wave /
#     set_property needs_save false [current_wave_config]
#   } else {
#      send_msg_id Add_Wave-1 WARNING "No top level signals found. Simulator will start without a wave window. If you want to open a wave window go to 'File->New Waveform Configuration' or type 'create_wave_config' in the TCL console."
#   }
# }
# run 1000ns
INFO: [USF-XSim-96] XSim completed. Design snapshot 'tb_wrapper_crc12_behav' loaded.
INFO: [USF-XSim-97] XSim simulation ran for 1000ns
run 100000 ns
close_sim
INFO: [Simtcl 6-16] Simulation closed
launch_simulation
INFO: [Vivado 12-5682] Launching behavioral simulation in 'C:/Users/SZHerio/Desktop/Practicum-on-programmable-logic-integrated-circuits-using-Verilog/08. APB_CRC/08. APB_CRC.sim/sim_1/behav/xsim'
INFO: [SIM-utils-51] Simulation object is 'sim_1'
INFO: [SIM-utils-54] Inspecting design source files for 'tb_wrapper_crc12' in fileset 'sim_1'...
INFO: [USF-XSim-97] Finding global include files...
INFO: [USF-XSim-98] Fetching design files from 'sim_1'...
INFO: [USF-XSim-2] XSim::Compile design
INFO: [USF-XSim-61] Executing 'COMPILE and ANALYZE' step in 'C:/Users/SZHerio/Desktop/Practicum-on-programmable-logic-integrated-circuits-using-Verilog/08. APB_CRC/08. APB_CRC.sim/sim_1/behav/xsim'
"xvlog --incr --relax -prj tb_wrapper_crc12_vlog.prj"
INFO: [VRFC 10-2263] Analyzing SystemVerilog file "C:/Users/SZHerio/Desktop/Practicum-on-programmable-logic-integrated-circuits-using-Verilog/08. APB_CRC/08. APB_CRC.srcs/sources_1/new/crc12.sv" into library xil_defaultlib
INFO: [VRFC 10-311] analyzing module crc12
INFO: [VRFC 10-2263] Analyzing SystemVerilog file "C:/Users/SZHerio/Desktop/Practicum-on-programmable-logic-integrated-circuits-using-Verilog/08. APB_CRC/08. APB_CRC.srcs/sources_1/new/wrapper_crc12.sv" into library xil_defaultlib
INFO: [VRFC 10-311] analyzing module wrapper_crc12
INFO: [VRFC 10-2263] Analyzing SystemVerilog file "C:/Users/SZHerio/Desktop/Practicum-on-programmable-logic-integrated-circuits-using-Verilog/08. APB_CRC/08. APB_CRC.srcs/sim_1/new/tb_wrapper_crc12.sv" into library xil_defaultlib
INFO: [VRFC 10-311] analyzing module tb_wrapper_crc12
INFO: [USF-XSim-69] 'compile' step finished in '1' seconds
INFO: [USF-XSim-3] XSim::Elaborate design
INFO: [USF-XSim-61] Executing 'ELABORATE' step in 'C:/Users/SZHerio/Desktop/Practicum-on-programmable-logic-integrated-circuits-using-Verilog/08. APB_CRC/08. APB_CRC.sim/sim_1/behav/xsim'
Vivado Simulator 2018.3
Copyright 1986-1999, 2001-2018 Xilinx, Inc. All Rights Reserved.
Running: C:/Xilinx/Vivado/2018.3/bin/unwrapped/win64.o/xelab.exe -wto b69f36a796184c709bd090d25c2b8b55 --incr --debug typical --relax --mt 2 -L xil_defaultlib -L unisims_ver -L unimacro_ver -L secureip --snapshot tb_wrapper_crc12_behav xil_defaultlib.tb_wrapper_crc12 xil_defaultlib.glbl -log elaborate.log 
Using 2 slave threads.
Starting static elaboration
Completed static elaboration
Starting simulation data flow analysis
Completed simulation data flow analysis
Time Resolution for simulation is 1ps
Compiling module xil_defaultlib.crc12
Compiling module xil_defaultlib.wrapper_crc12
Compiling module xil_defaultlib.tb_wrapper_crc12
Compiling module xil_defaultlib.glbl
Built simulation snapshot tb_wrapper_crc12_behav
INFO: [USF-XSim-69] 'elaborate' step finished in '1' seconds
INFO: [USF-XSim-4] XSim::Simulate design
INFO: [USF-XSim-61] Executing 'SIMULATE' step in 'C:/Users/SZHerio/Desktop/Practicum-on-programmable-logic-integrated-circuits-using-Verilog/08. APB_CRC/08. APB_CRC.sim/sim_1/behav/xsim'
INFO: [USF-XSim-98] *** Running xsim
   with args "tb_wrapper_crc12_behav -key {Behavioral:sim_1:Functional:tb_wrapper_crc12} -tclbatch {tb_wrapper_crc12.tcl} -log {simulate.log}"
INFO: [USF-XSim-8] Loading simulator feature
Vivado Simulator 2018.3
Time resolution is 1 ps
source tb_wrapper_crc12.tcl
# set curr_wave [current_wave_config]
# if { [string length $curr_wave] == 0 } {
#   if { [llength [get_objects]] > 0} {
#     add_wave /
#     set_property needs_save false [current_wave_config]
#   } else {
#      send_msg_id Add_Wave-1 WARNING "No top level signals found. Simulator will start without a wave window. If you want to open a wave window go to 'File->New Waveform Configuration' or type 'create_wave_config' in the TCL console."
#   }
# }
# run 1000ns
INFO: [USF-XSim-96] XSim completed. Design snapshot 'tb_wrapper_crc12_behav' loaded.
INFO: [USF-XSim-97] XSim simulation ran for 1000ns
close_sim
INFO: [Simtcl 6-16] Simulation closed
launch_simulation
INFO: [Vivado 12-5682] Launching behavioral simulation in 'C:/Users/SZHerio/Desktop/Practicum-on-programmable-logic-integrated-circuits-using-Verilog/08. APB_CRC/08. APB_CRC.sim/sim_1/behav/xsim'
INFO: [SIM-utils-51] Simulation object is 'sim_1'
INFO: [SIM-utils-54] Inspecting design source files for 'tb_wrapper_crc12' in fileset 'sim_1'...
INFO: [USF-XSim-97] Finding global include files...
INFO: [USF-XSim-98] Fetching design files from 'sim_1'...
INFO: [USF-XSim-2] XSim::Compile design
INFO: [USF-XSim-61] Executing 'COMPILE and ANALYZE' step in 'C:/Users/SZHerio/Desktop/Practicum-on-programmable-logic-integrated-circuits-using-Verilog/08. APB_CRC/08. APB_CRC.sim/sim_1/behav/xsim'
"xvlog --incr --relax -prj tb_wrapper_crc12_vlog.prj"
INFO: [VRFC 10-2263] Analyzing SystemVerilog file "C:/Users/SZHerio/Desktop/Practicum-on-programmable-logic-integrated-circuits-using-Verilog/08. APB_CRC/08. APB_CRC.srcs/sources_1/new/crc12.sv" into library xil_defaultlib
INFO: [VRFC 10-311] analyzing module crc12
INFO: [VRFC 10-2263] Analyzing SystemVerilog file "C:/Users/SZHerio/Desktop/Practicum-on-programmable-logic-integrated-circuits-using-Verilog/08. APB_CRC/08. APB_CRC.srcs/sources_1/new/wrapper_crc12.sv" into library xil_defaultlib
INFO: [VRFC 10-311] analyzing module wrapper_crc12
INFO: [VRFC 10-2263] Analyzing SystemVerilog file "C:/Users/SZHerio/Desktop/Practicum-on-programmable-logic-integrated-circuits-using-Verilog/08. APB_CRC/08. APB_CRC.srcs/sim_1/new/tb_wrapper_crc12.sv" into library xil_defaultlib
INFO: [VRFC 10-311] analyzing module tb_wrapper_crc12
INFO: [USF-XSim-69] 'compile' step finished in '1' seconds
INFO: [USF-XSim-3] XSim::Elaborate design
INFO: [USF-XSim-61] Executing 'ELABORATE' step in 'C:/Users/SZHerio/Desktop/Practicum-on-programmable-logic-integrated-circuits-using-Verilog/08. APB_CRC/08. APB_CRC.sim/sim_1/behav/xsim'
Vivado Simulator 2018.3
Copyright 1986-1999, 2001-2018 Xilinx, Inc. All Rights Reserved.
Running: C:/Xilinx/Vivado/2018.3/bin/unwrapped/win64.o/xelab.exe -wto b69f36a796184c709bd090d25c2b8b55 --incr --debug typical --relax --mt 2 -L xil_defaultlib -L unisims_ver -L unimacro_ver -L secureip --snapshot tb_wrapper_crc12_behav xil_defaultlib.tb_wrapper_crc12 xil_defaultlib.glbl -log elaborate.log 
Using 2 slave threads.
Starting static elaboration
Completed static elaboration
Starting simulation data flow analysis
Completed simulation data flow analysis
Time Resolution for simulation is 1ps
Compiling module xil_defaultlib.crc12
Compiling module xil_defaultlib.wrapper_crc12
Compiling module xil_defaultlib.tb_wrapper_crc12
Compiling module xil_defaultlib.glbl
Built simulation snapshot tb_wrapper_crc12_behav
INFO: [USF-XSim-69] 'elaborate' step finished in '1' seconds
INFO: [USF-XSim-4] XSim::Simulate design
INFO: [USF-XSim-61] Executing 'SIMULATE' step in 'C:/Users/SZHerio/Desktop/Practicum-on-programmable-logic-integrated-circuits-using-Verilog/08. APB_CRC/08. APB_CRC.sim/sim_1/behav/xsim'
INFO: [USF-XSim-98] *** Running xsim
   with args "tb_wrapper_crc12_behav -key {Behavioral:sim_1:Functional:tb_wrapper_crc12} -tclbatch {tb_wrapper_crc12.tcl} -log {simulate.log}"
INFO: [USF-XSim-8] Loading simulator feature
Vivado Simulator 2018.3
Time resolution is 1 ps
source tb_wrapper_crc12.tcl
# set curr_wave [current_wave_config]
# if { [string length $curr_wave] == 0 } {
#   if { [llength [get_objects]] > 0} {
#     add_wave /
#     set_property needs_save false [current_wave_config]
#   } else {
#      send_msg_id Add_Wave-1 WARNING "No top level signals found. Simulator will start without a wave window. If you want to open a wave window go to 'File->New Waveform Configuration' or type 'create_wave_config' in the TCL console."
#   }
# }
# run 1000ns
INFO: [USF-XSim-96] XSim completed. Design snapshot 'tb_wrapper_crc12_behav' loaded.
INFO: [USF-XSim-97] XSim simulation ran for 1000ns
close_sim
INFO: [Simtcl 6-16] Simulation closed
launch_simulation
INFO: [Vivado 12-5682] Launching behavioral simulation in 'C:/Users/SZHerio/Desktop/Practicum-on-programmable-logic-integrated-circuits-using-Verilog/08. APB_CRC/08. APB_CRC.sim/sim_1/behav/xsim'
INFO: [SIM-utils-51] Simulation object is 'sim_1'
INFO: [SIM-utils-54] Inspecting design source files for 'tb_wrapper_crc12' in fileset 'sim_1'...
INFO: [USF-XSim-97] Finding global include files...
INFO: [USF-XSim-98] Fetching design files from 'sim_1'...
INFO: [USF-XSim-2] XSim::Compile design
INFO: [USF-XSim-61] Executing 'COMPILE and ANALYZE' step in 'C:/Users/SZHerio/Desktop/Practicum-on-programmable-logic-integrated-circuits-using-Verilog/08. APB_CRC/08. APB_CRC.sim/sim_1/behav/xsim'
"xvlog --incr --relax -prj tb_wrapper_crc12_vlog.prj"
INFO: [VRFC 10-2263] Analyzing SystemVerilog file "C:/Users/SZHerio/Desktop/Practicum-on-programmable-logic-integrated-circuits-using-Verilog/08. APB_CRC/08. APB_CRC.srcs/sources_1/new/crc12.sv" into library xil_defaultlib
INFO: [VRFC 10-311] analyzing module crc12
INFO: [VRFC 10-2263] Analyzing SystemVerilog file "C:/Users/SZHerio/Desktop/Practicum-on-programmable-logic-integrated-circuits-using-Verilog/08. APB_CRC/08. APB_CRC.srcs/sources_1/new/wrapper_crc12.sv" into library xil_defaultlib
INFO: [VRFC 10-311] analyzing module wrapper_crc12
INFO: [VRFC 10-2263] Analyzing SystemVerilog file "C:/Users/SZHerio/Desktop/Practicum-on-programmable-logic-integrated-circuits-using-Verilog/08. APB_CRC/08. APB_CRC.srcs/sim_1/new/tb_wrapper_crc12.sv" into library xil_defaultlib
INFO: [VRFC 10-311] analyzing module tb_wrapper_crc12
INFO: [USF-XSim-69] 'compile' step finished in '1' seconds
INFO: [USF-XSim-3] XSim::Elaborate design
INFO: [USF-XSim-61] Executing 'ELABORATE' step in 'C:/Users/SZHerio/Desktop/Practicum-on-programmable-logic-integrated-circuits-using-Verilog/08. APB_CRC/08. APB_CRC.sim/sim_1/behav/xsim'
Vivado Simulator 2018.3
Copyright 1986-1999, 2001-2018 Xilinx, Inc. All Rights Reserved.
Running: C:/Xilinx/Vivado/2018.3/bin/unwrapped/win64.o/xelab.exe -wto b69f36a796184c709bd090d25c2b8b55 --incr --debug typical --relax --mt 2 -L xil_defaultlib -L unisims_ver -L unimacro_ver -L secureip --snapshot tb_wrapper_crc12_behav xil_defaultlib.tb_wrapper_crc12 xil_defaultlib.glbl -log elaborate.log 
Using 2 slave threads.
Starting static elaboration
Completed static elaboration
Starting simulation data flow analysis
Completed simulation data flow analysis
Time Resolution for simulation is 1ps
Compiling module xil_defaultlib.crc12
Compiling module xil_defaultlib.wrapper_crc12
Compiling module xil_defaultlib.tb_wrapper_crc12
Compiling module xil_defaultlib.glbl
Built simulation snapshot tb_wrapper_crc12_behav
INFO: [USF-XSim-69] 'elaborate' step finished in '1' seconds
INFO: [USF-XSim-4] XSim::Simulate design
INFO: [USF-XSim-61] Executing 'SIMULATE' step in 'C:/Users/SZHerio/Desktop/Practicum-on-programmable-logic-integrated-circuits-using-Verilog/08. APB_CRC/08. APB_CRC.sim/sim_1/behav/xsim'
INFO: [USF-XSim-98] *** Running xsim
   with args "tb_wrapper_crc12_behav -key {Behavioral:sim_1:Functional:tb_wrapper_crc12} -tclbatch {tb_wrapper_crc12.tcl} -log {simulate.log}"
INFO: [USF-XSim-8] Loading simulator feature
Vivado Simulator 2018.3
Time resolution is 1 ps
source tb_wrapper_crc12.tcl
# set curr_wave [current_wave_config]
# if { [string length $curr_wave] == 0 } {
#   if { [llength [get_objects]] > 0} {
#     add_wave /
#     set_property needs_save false [current_wave_config]
#   } else {
#      send_msg_id Add_Wave-1 WARNING "No top level signals found. Simulator will start without a wave window. If you want to open a wave window go to 'File->New Waveform Configuration' or type 'create_wave_config' in the TCL console."
#   }
# }
# run 1000ns
INFO: [USF-XSim-96] XSim completed. Design snapshot 'tb_wrapper_crc12_behav' loaded.
INFO: [USF-XSim-97] XSim simulation ran for 1000ns
run 100000 ns
restart
INFO: [Simtcl 6-17] Simulation restarted
run 100000 ns
close_sim
INFO: [Simtcl 6-16] Simulation closed
launch_simulation
INFO: [Vivado 12-5682] Launching behavioral simulation in 'C:/Users/SZHerio/Desktop/Practicum-on-programmable-logic-integrated-circuits-using-Verilog/08. APB_CRC/08. APB_CRC.sim/sim_1/behav/xsim'
INFO: [SIM-utils-51] Simulation object is 'sim_1'
INFO: [SIM-utils-54] Inspecting design source files for 'tb_wrapper_crc12' in fileset 'sim_1'...
INFO: [USF-XSim-97] Finding global include files...
INFO: [USF-XSim-98] Fetching design files from 'sim_1'...
INFO: [USF-XSim-2] XSim::Compile design
INFO: [USF-XSim-61] Executing 'COMPILE and ANALYZE' step in 'C:/Users/SZHerio/Desktop/Practicum-on-programmable-logic-integrated-circuits-using-Verilog/08. APB_CRC/08. APB_CRC.sim/sim_1/behav/xsim'
"xvlog --incr --relax -prj tb_wrapper_crc12_vlog.prj"
INFO: [VRFC 10-2263] Analyzing SystemVerilog file "C:/Users/SZHerio/Desktop/Practicum-on-programmable-logic-integrated-circuits-using-Verilog/08. APB_CRC/08. APB_CRC.srcs/sources_1/new/crc12.sv" into library xil_defaultlib
INFO: [VRFC 10-311] analyzing module crc12
INFO: [VRFC 10-2263] Analyzing SystemVerilog file "C:/Users/SZHerio/Desktop/Practicum-on-programmable-logic-integrated-circuits-using-Verilog/08. APB_CRC/08. APB_CRC.srcs/sources_1/new/wrapper_crc12.sv" into library xil_defaultlib
INFO: [VRFC 10-311] analyzing module wrapper_crc12
INFO: [VRFC 10-2263] Analyzing SystemVerilog file "C:/Users/SZHerio/Desktop/Practicum-on-programmable-logic-integrated-circuits-using-Verilog/08. APB_CRC/08. APB_CRC.srcs/sim_1/new/tb_wrapper_crc12.sv" into library xil_defaultlib
INFO: [VRFC 10-311] analyzing module tb_wrapper_crc12
INFO: [USF-XSim-69] 'compile' step finished in '1' seconds
INFO: [USF-XSim-3] XSim::Elaborate design
INFO: [USF-XSim-61] Executing 'ELABORATE' step in 'C:/Users/SZHerio/Desktop/Practicum-on-programmable-logic-integrated-circuits-using-Verilog/08. APB_CRC/08. APB_CRC.sim/sim_1/behav/xsim'
Vivado Simulator 2018.3
Copyright 1986-1999, 2001-2018 Xilinx, Inc. All Rights Reserved.
Running: C:/Xilinx/Vivado/2018.3/bin/unwrapped/win64.o/xelab.exe -wto b69f36a796184c709bd090d25c2b8b55 --incr --debug typical --relax --mt 2 -L xil_defaultlib -L unisims_ver -L unimacro_ver -L secureip --snapshot tb_wrapper_crc12_behav xil_defaultlib.tb_wrapper_crc12 xil_defaultlib.glbl -log elaborate.log 
Using 2 slave threads.
Starting static elaboration
Completed static elaboration
Starting simulation data flow analysis
Completed simulation data flow analysis
Time Resolution for simulation is 1ps
Compiling module xil_defaultlib.crc12
Compiling module xil_defaultlib.wrapper_crc12
Compiling module xil_defaultlib.tb_wrapper_crc12
Compiling module xil_defaultlib.glbl
Built simulation snapshot tb_wrapper_crc12_behav
INFO: [USF-XSim-69] 'elaborate' step finished in '1' seconds
INFO: [USF-XSim-4] XSim::Simulate design
INFO: [USF-XSim-61] Executing 'SIMULATE' step in 'C:/Users/SZHerio/Desktop/Practicum-on-programmable-logic-integrated-circuits-using-Verilog/08. APB_CRC/08. APB_CRC.sim/sim_1/behav/xsim'
INFO: [USF-XSim-98] *** Running xsim
   with args "tb_wrapper_crc12_behav -key {Behavioral:sim_1:Functional:tb_wrapper_crc12} -tclbatch {tb_wrapper_crc12.tcl} -log {simulate.log}"
INFO: [USF-XSim-8] Loading simulator feature
Vivado Simulator 2018.3
Time resolution is 1 ps
source tb_wrapper_crc12.tcl
# set curr_wave [current_wave_config]
# if { [string length $curr_wave] == 0 } {
#   if { [llength [get_objects]] > 0} {
#     add_wave /
#     set_property needs_save false [current_wave_config]
#   } else {
#      send_msg_id Add_Wave-1 WARNING "No top level signals found. Simulator will start without a wave window. If you want to open a wave window go to 'File->New Waveform Configuration' or type 'create_wave_config' in the TCL console."
#   }
# }
# run 1000ns
(500000) Writing register [12] = 0x4, ready = 1, slverr = 0
INFO: [USF-XSim-96] XSim completed. Design snapshot 'tb_wrapper_crc12_behav' loaded.
INFO: [USF-XSim-97] XSim simulation ran for 1000ns
run 100000 ns
(1100000) Reading register [12] = 0x4, ready = 1, slverr = 0
(1700000) Reading register [8] = 0x0, ready = 1, slverr = 0
(2300000) Writing register [0] = 0xabc, ready = 1, slverr = 0
(3800000) Reading register [8] = 0x0, ready = 1, slverr = 0
(4400000) Writing register [0] = 0x33, ready = 1, slverr = 0
(5900000) Reading register [8] = 0x0, ready = 1, slverr = 0
(6500000) Reading register [4] = 0x40a, ready = 1, slverr = 0
(7300000) Reading register [4] = 0x0, ready = 1, slverr = 0
$finish called at time : 7900 ns : File "C:/Users/SZHerio/Desktop/Practicum-on-programmable-logic-integrated-circuits-using-Verilog/08. APB_CRC/08. APB_CRC.srcs/sim_1/new/tb_wrapper_crc12.sv" Line 137
restart
INFO: [Simtcl 6-17] Simulation restarted
run 100000 ns
(500000) Writing register [12] = 0x4, ready = 1, slverr = 0
(1100000) Reading register [12] = 0x4, ready = 1, slverr = 0
(1700000) Reading register [8] = 0x0, ready = 1, slverr = 0
(2300000) Writing register [0] = 0xabc, ready = 1, slverr = 0
(3800000) Reading register [8] = 0x0, ready = 1, slverr = 0
(4400000) Writing register [0] = 0x33, ready = 1, slverr = 0
(5900000) Reading register [8] = 0x0, ready = 1, slverr = 0
(6500000) Reading register [4] = 0x40a, ready = 1, slverr = 0
(7300000) Reading register [4] = 0x0, ready = 1, slverr = 0
$finish called at time : 7900 ns : File "C:/Users/SZHerio/Desktop/Practicum-on-programmable-logic-integrated-circuits-using-Verilog/08. APB_CRC/08. APB_CRC.srcs/sim_1/new/tb_wrapper_crc12.sv" Line 137
restart
INFO: [Simtcl 6-17] Simulation restarted
run 100000 ns
(500000) Writing register [12] = 0x4, ready = 1, slverr = 0
(1100000) Reading register [12] = 0x4, ready = 1, slverr = 0
(1700000) Reading register [8] = 0x0, ready = 1, slverr = 0
(2300000) Writing register [0] = 0xabc, ready = 1, slverr = 0
(3800000) Reading register [8] = 0x0, ready = 1, slverr = 0
(4400000) Writing register [0] = 0x33, ready = 1, slverr = 0
(5900000) Reading register [8] = 0x0, ready = 1, slverr = 0
(6500000) Reading register [4] = 0x40a, ready = 1, slverr = 0
(7300000) Reading register [4] = 0x0, ready = 1, slverr = 0
$finish called at time : 7900 ns : File "C:/Users/SZHerio/Desktop/Practicum-on-programmable-logic-integrated-circuits-using-Verilog/08. APB_CRC/08. APB_CRC.srcs/sim_1/new/tb_wrapper_crc12.sv" Line 137
close_sim
INFO: [Simtcl 6-16] Simulation closed
launch_simulation
INFO: [Vivado 12-5682] Launching behavioral simulation in 'C:/Users/SZHerio/Desktop/Practicum-on-programmable-logic-integrated-circuits-using-Verilog/08. APB_CRC/08. APB_CRC.sim/sim_1/behav/xsim'
INFO: [SIM-utils-51] Simulation object is 'sim_1'
INFO: [SIM-utils-54] Inspecting design source files for 'tb_wrapper_crc12' in fileset 'sim_1'...
INFO: [USF-XSim-97] Finding global include files...
INFO: [USF-XSim-98] Fetching design files from 'sim_1'...
INFO: [USF-XSim-2] XSim::Compile design
INFO: [USF-XSim-61] Executing 'COMPILE and ANALYZE' step in 'C:/Users/SZHerio/Desktop/Practicum-on-programmable-logic-integrated-circuits-using-Verilog/08. APB_CRC/08. APB_CRC.sim/sim_1/behav/xsim'
"xvlog --incr --relax -prj tb_wrapper_crc12_vlog.prj"
INFO: [VRFC 10-2263] Analyzing SystemVerilog file "C:/Users/SZHerio/Desktop/Practicum-on-programmable-logic-integrated-circuits-using-Verilog/08. APB_CRC/08. APB_CRC.srcs/sources_1/new/crc12.sv" into library xil_defaultlib
INFO: [VRFC 10-311] analyzing module crc12
INFO: [VRFC 10-2263] Analyzing SystemVerilog file "C:/Users/SZHerio/Desktop/Practicum-on-programmable-logic-integrated-circuits-using-Verilog/08. APB_CRC/08. APB_CRC.srcs/sources_1/new/wrapper_crc12.sv" into library xil_defaultlib
INFO: [VRFC 10-311] analyzing module wrapper_crc12
INFO: [VRFC 10-2263] Analyzing SystemVerilog file "C:/Users/SZHerio/Desktop/Practicum-on-programmable-logic-integrated-circuits-using-Verilog/08. APB_CRC/08. APB_CRC.srcs/sim_1/new/tb_wrapper_crc12.sv" into library xil_defaultlib
INFO: [VRFC 10-311] analyzing module tb_wrapper_crc12
INFO: [USF-XSim-69] 'compile' step finished in '1' seconds
INFO: [USF-XSim-3] XSim::Elaborate design
INFO: [USF-XSim-61] Executing 'ELABORATE' step in 'C:/Users/SZHerio/Desktop/Practicum-on-programmable-logic-integrated-circuits-using-Verilog/08. APB_CRC/08. APB_CRC.sim/sim_1/behav/xsim'
Vivado Simulator 2018.3
Copyright 1986-1999, 2001-2018 Xilinx, Inc. All Rights Reserved.
Running: C:/Xilinx/Vivado/2018.3/bin/unwrapped/win64.o/xelab.exe -wto b69f36a796184c709bd090d25c2b8b55 --incr --debug typical --relax --mt 2 -L xil_defaultlib -L unisims_ver -L unimacro_ver -L secureip --snapshot tb_wrapper_crc12_behav xil_defaultlib.tb_wrapper_crc12 xil_defaultlib.glbl -log elaborate.log 
Using 2 slave threads.
Starting static elaboration
Completed static elaboration
Starting simulation data flow analysis
Completed simulation data flow analysis
Time Resolution for simulation is 1ps
Compiling module xil_defaultlib.crc12
Compiling module xil_defaultlib.wrapper_crc12
Compiling module xil_defaultlib.tb_wrapper_crc12
Compiling module xil_defaultlib.glbl
Built simulation snapshot tb_wrapper_crc12_behav
INFO: [USF-XSim-69] 'elaborate' step finished in '1' seconds
INFO: [USF-XSim-4] XSim::Simulate design
INFO: [USF-XSim-61] Executing 'SIMULATE' step in 'C:/Users/SZHerio/Desktop/Practicum-on-programmable-logic-integrated-circuits-using-Verilog/08. APB_CRC/08. APB_CRC.sim/sim_1/behav/xsim'
INFO: [USF-XSim-98] *** Running xsim
   with args "tb_wrapper_crc12_behav -key {Behavioral:sim_1:Functional:tb_wrapper_crc12} -tclbatch {tb_wrapper_crc12.tcl} -log {simulate.log}"
INFO: [USF-XSim-8] Loading simulator feature
Vivado Simulator 2018.3
Time resolution is 1 ps
source tb_wrapper_crc12.tcl
# set curr_wave [current_wave_config]
# if { [string length $curr_wave] == 0 } {
#   if { [llength [get_objects]] > 0} {
#     add_wave /
#     set_property needs_save false [current_wave_config]
#   } else {
#      send_msg_id Add_Wave-1 WARNING "No top level signals found. Simulator will start without a wave window. If you want to open a wave window go to 'File->New Waveform Configuration' or type 'create_wave_config' in the TCL console."
#   }
# }
# run 1000ns
(500000) Writing register [12] = 0x4, ready = 1, slverr = 0
INFO: [USF-XSim-96] XSim completed. Design snapshot 'tb_wrapper_crc12_behav' loaded.
INFO: [USF-XSim-97] XSim simulation ran for 1000ns
restart
INFO: [Simtcl 6-17] Simulation restarted
run 100000 ns
(500000) Writing register [12] = 0x4, ready = 1, slverr = 0
(1100000) Reading register [12] = 0x4, ready = 1, slverr = 0
(1700000) Reading register [8] = 0x0, ready = 1, slverr = 0
(2300000) Writing register [0] = 0xbc, ready = 1, slverr = 0
(3800000) Reading register [8] = 0x0, ready = 1, slverr = 0
(4400000) Writing register [0] = 0x33, ready = 1, slverr = 0
(5900000) Reading register [8] = 0x0, ready = 1, slverr = 0
(6500000) Reading register [4] = 0x40a, ready = 1, slverr = 0
(7300000) Reading register [4] = 0x0, ready = 1, slverr = 0
$finish called at time : 7900 ns : File "C:/Users/SZHerio/Desktop/Practicum-on-programmable-logic-integrated-circuits-using-Verilog/08. APB_CRC/08. APB_CRC.srcs/sim_1/new/tb_wrapper_crc12.sv" Line 137
close_sim
INFO: [Simtcl 6-16] Simulation closed
exit
INFO: [Common 17-206] Exiting Vivado at Fri May 22 03:18:25 2026...
