#-----------------------------------------------------------
# Webtalk v2018.3 (64-bit)
# SW Build 2405991 on Thu Dec  6 23:38:27 MST 2018
# IP Build 2404404 on Fri Dec  7 01:43:56 MST 2018
# Start of session at: Fri May 22 00:41:35 2026
# Process ID: 13748
# Current directory: C:/Users/SZHerio/Desktop/Practicum-on-programmable-logic-integrated-circuits-using-Verilog/07. PLL/07. PLL.sim/sim_1/impl/timing/xsim
# Command line: wbtcv.exe -mode batch -source C:/Users/SZHerio/Desktop/Practicum-on-programmable-logic-integrated-circuits-using-Verilog/07. PLL/07. PLL.sim/sim_1/impl/timing/xsim/xsim.dir/tb_task2_time_impl/webtalk/xsim_webtalk.tcl -notrace
# Log file: C:/Users/SZHerio/Desktop/Practicum-on-programmable-logic-integrated-circuits-using-Verilog/07. PLL/07. PLL.sim/sim_1/impl/timing/xsim/webtalk.log
# Journal file: C:/Users/SZHerio/Desktop/Practicum-on-programmable-logic-integrated-circuits-using-Verilog/07. PLL/07. PLL.sim/sim_1/impl/timing/xsim\webtalk.jou
#-----------------------------------------------------------
source C:/Users/SZHerio/Desktop/Practicum-on-programmable-logic-integrated-circuits-using-Verilog/07. -notrace
